[10/342] 10s
[20/342] 20s
[30/342] 29s
[40/342] 36s
[50/342] 46s
[60/342] 60s
[70/342] 69s
[80/342] 76s
[90/342] 84s
[100/342] 92s
[110/342] 100s
[120/342] 110s
[130/342] 118s
[140/342] 128s
[150/342] 137s
[160/342] 142s
[170/342] 151s
[180/342] 161s
[190/342] 170s
[200/342] 177s
[210/342] 190s
[220/342] 200s
[230/342] 206s
[240/342] 214s
[250/342] 222s
[260/342] 229s
[270/342] 233s
[280/342] 251s
[290/342] 265s
[300/342] 275s
[310/342] 284s
[320/342] 292s
[330/342] 299s
[340/342] 303s
[342/342] 304s
{
  "study": "crowd",
  "worlds": 342,
  "methods": [
    "self",
    "majority",
    "ds_onecoin",
    "ds_full",
    "aip_gated",
    "iwmv",
    "mace",
    "glad",
    "kos",
    "race",
    "oracle_channel"
  ],
  "rows": 495900,
  "elapsed_seconds": 303.97,
  "peak_rss_mib_parent": 344.6,
  "peak_rss_mib_children": 240.0,
  "processes": 2,
  "python": "3.11.15",
  "machine": "x86_64",
  "cpu_count": 4,
  "gpu_inference": false,
  "inputs_sha256": "eff90400e30aa91e2157b05b8b3c08bcb9884a4a4171780e458df7d19a208ba4",
  "code_sha256": "088266a6bcd476ec6ba2006471e55492c24787bd2c1c50a01c43cfe9be6b69ba"
}
