[10/360] 8s
[20/360] 13s
[30/360] 20s
[40/360] 25s
[50/360] 29s
[60/360] 34s
[70/360] 37s
[80/360] 40s
[90/360] 44s
[100/360] 51s
[110/360] 58s
[120/360] 64s
[130/360] 69s
[140/360] 74s
[150/360] 78s
[160/360] 81s
[170/360] 84s
[180/360] 88s
[190/360] 93s
[200/360] 97s
[210/360] 102s
[220/360] 105s
[230/360] 109s
[240/360] 112s
[250/360] 114s
[260/360] 116s
[270/360] 119s
[280/360] 125s
[290/360] 130s
[300/360] 136s
[310/360] 139s
[320/360] 143s
[330/360] 146s
[340/360] 148s
[350/360] 151s
[360/360] 153s
{
  "study": "history",
  "worlds": 360,
  "methods": [
    "self",
    "majority",
    "aip_gated",
    "aip_trust_only",
    "aip_soft",
    "ds_full",
    "ds_onecoin",
    "race_noclone",
    "race_rawclone",
    "race_ms",
    "race",
    "race_onecoin",
    "race_full",
    "race_capself",
    "oracle_honest_majority",
    "oracle_channel"
  ],
  "rows": 669600,
  "elapsed_seconds": 153.71,
  "peak_rss_mib_parent": 399.6,
  "peak_rss_mib_children": 231.3,
  "processes": 4,
  "python": "3.11.15",
  "machine": "x86_64",
  "cpu_count": 4,
  "gpu_inference": false,
  "inputs_sha256": "eff90400e30aa91e2157b05b8b3c08bcb9884a4a4171780e458df7d19a208ba4",
  "code_sha256": "7e4320508c304e114d7b254e4d19d1b61d8b8fd60457d6ca47889dd3582eac16"
}
