[10/600] 14s
[20/600] 22s
[30/600] 32s
[40/600] 39s
[50/600] 46s
[60/600] 51s
[70/600] 56s
[80/600] 59s
[90/600] 62s
[100/600] 63s
[110/600] 77s
[120/600] 85s
[130/600] 96s
[140/600] 102s
[150/600] 110s
[160/600] 115s
[170/600] 120s
[180/600] 123s
[190/600] 126s
[200/600] 127s
[210/600] 139s
[220/600] 147s
[230/600] 157s
[240/600] 163s
[250/600] 170s
[260/600] 174s
[270/600] 179s
[280/600] 182s
[290/600] 184s
[300/600] 186s
[310/600] 195s
[320/600] 201s
[330/600] 208s
[340/600] 214s
[350/600] 219s
[360/600] 222s
[370/600] 226s
[380/600] 228s
[390/600] 230s
[400/600] 231s
[410/600] 244s
[420/600] 257s
[430/600] 269s
[440/600] 279s
[450/600] 290s
[460/600] 297s
[470/600] 304s
[480/600] 309s
[490/600] 312s
[500/600] 314s
[510/600] 324s
[520/600] 330s
[530/600] 337s
[540/600] 342s
[550/600] 347s
[560/600] 350s
[570/600] 354s
[580/600] 356s
[590/600] 358s
[600/600] 359s
{
  "study": "main",
  "worlds": 600,
  "methods": [
    "self",
    "majority",
    "confidence",
    "sac",
    "aip_gated",
    "aip_trust_only",
    "aip_naive",
    "aip_soft",
    "ds_full",
    "ds_onecoin",
    "race_noclone",
    "race_rawclone",
    "race_ms",
    "race",
    "race_onecoin",
    "race_full",
    "race_capself",
    "oracle_honest_majority",
    "oracle_channel"
  ],
  "rows": 1626000,
  "elapsed_seconds": 359.96,
  "peak_rss_mib_parent": 679.8,
  "peak_rss_mib_children": 235.2,
  "processes": 4,
  "python": "3.11.15",
  "machine": "x86_64",
  "cpu_count": 4,
  "gpu_inference": false,
  "inputs_sha256": "eff90400e30aa91e2157b05b8b3c08bcb9884a4a4171780e458df7d19a208ba4",
  "code_sha256": "0c43e546c7d2d5a2aa53e8f6a68d2bcc6692ed4f6c90fc06390b13d1a4629b62"
}
