[10/756] 6s
[20/756] 11s
[30/756] 16s
[40/756] 20s
[50/756] 24s
[60/756] 27s
[70/756] 32s
[80/756] 36s
[90/756] 40s
[100/756] 42s
[110/756] 45s
[120/756] 47s
[130/756] 51s
[140/756] 57s
[150/756] 62s
[160/756] 67s
[170/756] 72s
[180/756] 76s
[190/756] 80s
[200/756] 83s
[210/756] 87s
[220/756] 89s
[230/756] 92s
[240/756] 94s
[250/756] 97s
[260/756] 101s
[270/756] 106s
[280/756] 110s
[290/756] 115s
[300/756] 119s
[310/756] 122s
[320/756] 125s
[330/756] 129s
[340/756] 132s
[350/756] 134s
[360/756] 136s
[370/756] 139s
[380/756] 142s
[390/756] 145s
[400/756] 150s
[410/756] 153s
[420/756] 159s
[430/756] 163s
[440/756] 166s
[450/756] 171s
[460/756] 174s
[470/756] 177s
[480/756] 180s
[490/756] 182s
[500/756] 185s
[510/756] 192s
[520/756] 199s
[530/756] 207s
[540/756] 214s
[550/756] 219s
[560/756] 225s
[570/756] 230s
[580/756] 236s
[590/756] 239s
[600/756] 242s
[610/756] 246s
[620/756] 249s
[630/756] 252s
[640/756] 257s
[650/756] 260s
[660/756] 264s
[670/756] 267s
[680/756] 270s
[690/756] 276s
[700/756] 283s
[710/756] 288s
[720/756] 291s
[730/756] 293s
[740/756] 296s
[750/756] 298s
[756/756] 299s
{
  "study": "zoo",
  "worlds": 756,
  "methods": [
    "self",
    "majority",
    "aip_gated",
    "aip_trust_only",
    "aip_soft",
    "ds_full",
    "ds_onecoin",
    "race_noclone",
    "race_rawclone",
    "race_ms",
    "race",
    "race_full",
    "race_capself",
    "oracle_honest_majority",
    "oracle_channel"
  ],
  "rows": 1595160,
  "elapsed_seconds": 299.66,
  "peak_rss_mib_parent": 659.2,
  "peak_rss_mib_children": 237.5,
  "processes": 4,
  "python": "3.11.15",
  "machine": "x86_64",
  "cpu_count": 4,
  "gpu_inference": false,
  "inputs_sha256": "eff90400e30aa91e2157b05b8b3c08bcb9884a4a4171780e458df7d19a208ba4",
  "code_sha256": "a3a7ababfc387aa39e2e8ea90b0fe493509723d5f7106559c5f4fec45b25c7f0"
}
