
=== 2026-09-02T20:53Z :: /home/ubuntu/Liars_Are_Information/.venv/bin/python /home/ubuntu/Liars_Are_Information/scripts/phase_b_correlation.py ===
2026-09-02T20:53:02.731795Z [info     ] phase_b.start                  [__main__] flagged=1 models=['gemma4_31b', 'granite42_30b', 'llama32_3b', 'ministral3_14b', 'olmo3_32b_think', 'phi4_mini_reasoning', 'qwen38_27b'] resamples=2000

========================================================================================================
PHASE B — ERROR CORRELATION
========================================================================================================
bootstrap: 2000 resamples over tasks, seed 20250825; 95% percentile CIs

1. WITHIN-MODEL  (GSM8K: greedy sample_index=0 vs T=0.7 sample_index=1)
model                    n  phi (error corr)          co-error                answer agreement
gemma4_31b             500  +0.924 [+0.799, +1.000]   +0.024 [+0.012, +0.038] +0.990 [+0.980, +0.998]
granite42_30b          500  +0.747 [+0.617, +0.862]   +0.048 [+0.030, +0.068] +0.940 [+0.918, +0.960]
llama32_3b             500  +0.471 [+0.374, +0.558]   +0.118 [+0.090, +0.148] +0.742 [+0.704, +0.778]
ministral3_14b         500  +0.544 [+0.369, +0.685]   +0.030 [+0.016, +0.044] +0.938 [+0.916, +0.958]
olmo3_32b_think        500  +0.592 [+0.394, +0.751]   +0.028 [+0.016, +0.044] +0.950 [+0.930, +0.968]
phi4_mini_reasoning    500  +0.593 [+0.447, +0.716]   +0.052 [+0.034, +0.072] +0.914 [+0.888, +0.938]
qwen38_27b             500  +0.696 [+0.488, +0.855]   +0.024 [+0.012, +0.038] +0.968 [+0.952, +0.982]

2. CROSS-MODEL  (greedy caches)

  gsm8k
  pair                                      phi                       co-error                answer agreement
  gemma4_31b + granite42_30b                +0.394 [+0.199, +0.556]   +0.018 [+0.008, +0.030] +0.932 [+0.908, +0.952]
  gemma4_31b + llama32_3b                   +0.220 [+0.095, +0.326]   +0.020 [+0.010, +0.032] +0.798 [+0.762, +0.832]
  gemma4_31b + ministral3_14b               +0.584 [+0.358, +0.764]   +0.020 [+0.008, +0.032] +0.962 [+0.946, +0.978]
  gemma4_31b + olmo3_32b_think              +0.573 [+0.361, +0.735]   +0.022 [+0.010, +0.034] +0.954 [+0.934, +0.970]
  gemma4_31b + phi4_mini_reasoning          +0.480 [+0.313, +0.618]   +0.024 [+0.012, +0.038] +0.924 [+0.900, +0.946]
  gemma4_31b + qwen38_27b                   +0.704 [+0.478, +0.867]   +0.022 [+0.010, +0.036] +0.970 [+0.954, +0.984]
  granite42_30b + llama32_3b                +0.272 [+0.153, +0.378]   +0.040 [+0.024, +0.058] +0.788 [+0.752, +0.824]
  granite42_30b + ministral3_14b            +0.521 [+0.337, +0.673]   +0.028 [+0.014, +0.042] +0.934 [+0.912, +0.956]
  granite42_30b + olmo3_32b_think           +0.456 [+0.277, +0.610]   +0.028 [+0.014, +0.044] +0.924 [+0.900, +0.948]
  granite42_30b + phi4_mini_reasoning       +0.420 [+0.264, +0.558]   +0.034 [+0.018, +0.052] +0.900 [+0.874, +0.926]
  granite42_30b + qwen38_27b                +0.484 [+0.292, +0.645]   +0.024 [+0.012, +0.038] +0.940 [+0.920, +0.960]
  llama32_3b + ministral3_14b               +0.206 [+0.081, +0.313]   +0.024 [+0.012, +0.038] +0.794 [+0.758, +0.830]
  llama32_3b + olmo3_32b_think              +0.208 [+0.093, +0.316]   +0.028 [+0.014, +0.044] +0.786 [+0.750, +0.822]
  llama32_3b + phi4_mini_reasoning          +0.217 [+0.104, +0.330]   +0.040 [+0.024, +0.058] +0.768 [+0.730, +0.804]
  llama32_3b + qwen38_27b                   +0.211 [+0.086, +0.317]   +0.022 [+0.010, +0.036] +0.796 [+0.760, +0.830]
  ministral3_14b + olmo3_32b_think          +0.562 [+0.356, +0.718]   +0.026 [+0.014, +0.040] +0.950 [+0.932, +0.968]
  ministral3_14b + phi4_mini_reasoning      +0.460 [+0.290, +0.604]   +0.028 [+0.014, +0.042] +0.922 [+0.898, +0.944]
  ministral3_14b + qwen38_27b               +0.638 [+0.423, +0.803]   +0.024 [+0.012, +0.038] +0.962 [+0.944, +0.978]
  olmo3_32b_think + phi4_mini_reasoning     +0.467 [+0.308, +0.616]   +0.032 [+0.018, +0.048] +0.910 [+0.884, +0.934]
  olmo3_32b_think + qwen38_27b              +0.666 [+0.483, +0.816]   +0.028 [+0.014, +0.044] +0.960 [+0.942, +0.976]
  phi4_mini_reasoning + qwen38_27b          +0.587 [+0.437, +0.708]   +0.032 [+0.018, +0.048] +0.934 [+0.910, +0.954]

  math500
  pair                                      phi                       co-error                answer agreement
  gemma4_31b + granite42_30b                +0.686 [+0.590, +0.777]   +0.365 [+0.300, +0.430] +0.425 [+0.355, +0.490]
  gemma4_31b + llama32_3b                   +0.368 [+0.245, +0.483]   +0.310 [+0.245, +0.370] +0.330 [+0.265, +0.395]
  gemma4_31b + ministral3_14b               +0.413 [+0.308, +0.504]   +0.360 [+0.295, +0.425] +0.230 [+0.175, +0.290]
  gemma4_31b + olmo3_32b_think              +0.616 [+0.497, +0.722]   +0.280 [+0.215, +0.345] +0.475 [+0.405, +0.545]
  gemma4_31b + phi4_mini_reasoning          +0.589 [+0.465, +0.700]   +0.290 [+0.225, +0.355] +0.445 [+0.375, +0.515]
  gemma4_31b + qwen38_27b                   +0.632 [+0.545, +0.721]   +0.200 [+0.145, +0.255] +0.550 [+0.485, +0.615]
  granite42_30b + llama32_3b                +0.461 [+0.332, +0.584]   +0.410 [+0.345, +0.480] +0.290 [+0.230, +0.355]
  granite42_30b + ministral3_14b            +0.574 [+0.471, +0.670]   +0.490 [+0.420, +0.565] +0.245 [+0.190, +0.310]
  granite42_30b + olmo3_32b_think           +0.595 [+0.492, +0.688]   +0.325 [+0.260, +0.390] +0.400 [+0.335, +0.470]
  granite42_30b + phi4_mini_reasoning       +0.612 [+0.504, +0.711]   +0.350 [+0.285, +0.415] +0.395 [+0.330, +0.465]
  granite42_30b + qwen38_27b                +0.485 [+0.405, +0.562]   +0.200 [+0.145, +0.255] +0.450 [+0.380, +0.520]
  llama32_3b + ministral3_14b               +0.419 [+0.287, +0.538]   +0.495 [+0.430, +0.560] +0.195 [+0.140, +0.250]
  llama32_3b + olmo3_32b_think              +0.363 [+0.237, +0.479]   +0.290 [+0.230, +0.355] +0.320 [+0.255, +0.385]
  llama32_3b + phi4_mini_reasoning          +0.397 [+0.276, +0.518]   +0.320 [+0.255, +0.385] +0.315 [+0.250, +0.380]
  llama32_3b + qwen38_27b                   +0.253 [+0.126, +0.367]   +0.165 [+0.115, +0.215] +0.390 [+0.325, +0.460]
  ministral3_14b + olmo3_32b_think          +0.401 [+0.298, +0.490]   +0.335 [+0.270, +0.400] +0.275 [+0.220, +0.335]
  ministral3_14b + phi4_mini_reasoning      +0.396 [+0.285, +0.494]   +0.360 [+0.295, +0.425] +0.270 [+0.215, +0.330]
  ministral3_14b + qwen38_27b               +0.331 [+0.269, +0.392]   +0.200 [+0.145, +0.255] +0.255 [+0.200, +0.320]
  olmo3_32b_think + phi4_mini_reasoning     +0.692 [+0.586, +0.792]   +0.300 [+0.240, +0.365] +0.550 [+0.480, +0.620]
  olmo3_32b_think + qwen38_27b              +0.648 [+0.546, +0.737]   +0.195 [+0.140, +0.250] +0.565 [+0.495, +0.635]
  phi4_mini_reasoning + qwen38_27b          +0.523 [+0.404, +0.625]   +0.180 [+0.125, +0.235] +0.535 [+0.460, +0.605]

  mmlu
  pair                                      phi                       co-error                answer agreement
  gemma4_31b + granite42_30b                +0.410 [+0.210, +0.578]   +0.055 [+0.025, +0.085] +0.855 [+0.805, +0.900]
  gemma4_31b + llama32_3b                   +0.126 [-0.023, +0.265]   +0.045 [+0.020, +0.075] +0.630 [+0.560, +0.695]
  gemma4_31b + ministral3_14b               +0.497 [+0.304, +0.666]   +0.060 [+0.030, +0.095] +0.885 [+0.840, +0.925]
  gemma4_31b + olmo3_32b_think              +0.454 [+0.229, +0.643]   +0.050 [+0.025, +0.085] +0.885 [+0.840, +0.925]
  gemma4_31b + phi4_mini_reasoning          +0.400 [+0.252, +0.531]   +0.065 [+0.035, +0.100] +0.780 [+0.725, +0.835]
  gemma4_31b + qwen38_27b                   +0.522 [+0.292, +0.708]   +0.050 [+0.025, +0.080] +0.910 [+0.870, +0.945]
  granite42_30b + llama32_3b                +0.351 [+0.216, +0.481]   +0.135 [+0.090, +0.185] +0.675 [+0.610, +0.735]
  granite42_30b + ministral3_14b            +0.506 [+0.337, +0.659]   +0.100 [+0.060, +0.145] +0.855 [+0.805, +0.905]
  granite42_30b + olmo3_32b_think           +0.515 [+0.339, +0.668]   +0.090 [+0.055, +0.130] +0.855 [+0.805, +0.900]
  granite42_30b + phi4_mini_reasoning       +0.443 [+0.295, +0.583]   +0.120 [+0.080, +0.165] +0.765 [+0.705, +0.820]
  granite42_30b + qwen38_27b                +0.434 [+0.246, +0.595]   +0.070 [+0.040, +0.105] +0.840 [+0.790, +0.890]
  llama32_3b + ministral3_14b               +0.299 [+0.163, +0.434]   +0.115 [+0.075, +0.160] +0.670 [+0.610, +0.730]
  llama32_3b + olmo3_32b_think              +0.336 [+0.210, +0.457]   +0.105 [+0.065, +0.150] +0.665 [+0.600, +0.725]
  llama32_3b + phi4_mini_reasoning          +0.292 [+0.151, +0.421]   +0.160 [+0.110, +0.215] +0.615 [+0.550, +0.680]
  llama32_3b + qwen38_27b                   +0.265 [+0.121, +0.391]   +0.080 [+0.045, +0.120] +0.650 [+0.585, +0.715]
  ministral3_14b + olmo3_32b_think          +0.561 [+0.375, +0.711]   +0.090 [+0.055, +0.130] +0.870 [+0.820, +0.915]
  ministral3_14b + phi4_mini_reasoning      +0.370 [+0.208, +0.516]   +0.100 [+0.060, +0.140] +0.760 [+0.695, +0.815]
  ministral3_14b + qwen38_27b               +0.384 [+0.183, +0.565]   +0.060 [+0.030, +0.095] +0.845 [+0.795, +0.895]
  olmo3_32b_think + phi4_mini_reasoning     +0.388 [+0.221, +0.534]   +0.090 [+0.055, +0.130] +0.770 [+0.715, +0.825]
  olmo3_32b_think + qwen38_27b              +0.547 [+0.342, +0.718]   +0.070 [+0.040, +0.105] +0.900 [+0.855, +0.940]
  phi4_mini_reasoning + qwen38_27b          +0.398 [+0.237, +0.533]   +0.080 [+0.045, +0.120] +0.775 [+0.720, +0.830]

  medqa
  pair                                      phi                       co-error                answer agreement
  gemma4_31b + granite42_30b                +0.193 [+0.036, +0.325]   +0.050 [+0.025, +0.080] +0.655 [+0.590, +0.725]
  gemma4_31b + llama32_3b                   +0.194 [+0.058, +0.308]   +0.060 [+0.030, +0.095] +0.555 [+0.485, +0.625]
  gemma4_31b + ministral3_14b               +0.405 [+0.227, +0.545]   +0.060 [+0.030, +0.095] +0.815 [+0.765, +0.870]
  gemma4_31b + olmo3_32b_think              +0.207 [+0.042, +0.362]   +0.045 [+0.020, +0.075] +0.725 [+0.665, +0.785]
  gemma4_31b + phi4_mini_reasoning          +0.104 [-0.042, +0.242]   +0.045 [+0.020, +0.075] +0.575 [+0.505, +0.645]
  gemma4_31b + qwen38_27b                   +0.546 [+0.278, +0.741]   +0.045 [+0.020, +0.075] +0.915 [+0.870, +0.950]
  granite42_30b + llama32_3b                +0.280 [+0.135, +0.408]   +0.225 [+0.165, +0.285] +0.540 [+0.470, +0.610]
  granite42_30b + ministral3_14b            +0.388 [+0.242, +0.525]   +0.150 [+0.100, +0.205] +0.700 [+0.635, +0.765]
  granite42_30b + olmo3_32b_think           +0.425 [+0.282, +0.555]   +0.185 [+0.135, +0.240] +0.680 [+0.615, +0.745]
  granite42_30b + phi4_mini_reasoning       +0.277 [+0.144, +0.414]   +0.210 [+0.155, +0.265] +0.555 [+0.485, +0.620]
  granite42_30b + qwen38_27b                +0.251 [+0.107, +0.381]   +0.060 [+0.030, +0.095] +0.665 [+0.600, +0.730]
  llama32_3b + ministral3_14b               +0.250 [+0.117, +0.381]   +0.150 [+0.100, +0.205] +0.570 [+0.500, +0.640]
  llama32_3b + olmo3_32b_think              +0.195 [+0.054, +0.331]   +0.170 [+0.120, +0.220] +0.535 [+0.465, +0.605]
  llama32_3b + phi4_mini_reasoning          +0.231 [+0.096, +0.365]   +0.250 [+0.195, +0.310] +0.465 [+0.395, +0.540]
  llama32_3b + qwen38_27b                   +0.135 [-0.007, +0.263]   +0.055 [+0.025, +0.085] +0.540 [+0.470, +0.610]
  ministral3_14b + olmo3_32b_think          +0.468 [+0.324, +0.604]   +0.145 [+0.100, +0.195] +0.760 [+0.700, +0.815]
  ministral3_14b + phi4_mini_reasoning      +0.270 [+0.132, +0.405]   +0.145 [+0.100, +0.195] +0.590 [+0.525, +0.655]
  ministral3_14b + qwen38_27b               +0.429 [+0.257, +0.567]   +0.065 [+0.035, +0.100] +0.815 [+0.765, +0.865]
  olmo3_32b_think + phi4_mini_reasoning     +0.315 [+0.177, +0.445]   +0.185 [+0.135, +0.235] +0.570 [+0.505, +0.635]
  olmo3_32b_think + qwen38_27b              +0.396 [+0.253, +0.520]   +0.070 [+0.035, +0.105] +0.745 [+0.685, +0.805]
  phi4_mini_reasoning + qwen38_27b          +0.197 [+0.066, +0.322]   +0.060 [+0.030, +0.095] +0.590 [+0.520, +0.655]

  boolq
  pair                                      phi                       co-error                answer agreement
  gemma4_31b + granite42_30b                +0.574 [+0.352, +0.760]   +0.055 [+0.025, +0.090] +0.930 [+0.890, +0.965]
  gemma4_31b + llama32_3b                   +0.217 [+0.044, +0.408]   +0.040 [+0.015, +0.070] +0.815 [+0.760, +0.870]
  gemma4_31b + ministral3_14b               +0.651 [+0.453, +0.815]   +0.065 [+0.035, +0.100] +0.940 [+0.905, +0.970]
  gemma4_31b + olmo3_32b_think              +0.651 [+0.449, +0.823]   +0.065 [+0.030, +0.100] +0.940 [+0.905, +0.970]
  gemma4_31b + phi4_mini_reasoning          +0.444 [+0.268, +0.613]   +0.065 [+0.035, +0.100] +0.865 [+0.820, +0.910]
  gemma4_31b + qwen38_27b                   +0.696 [+0.484, +0.861]   +0.065 [+0.030, +0.100] +0.950 [+0.915, +0.975]
  granite42_30b + llama32_3b                +0.387 [+0.207, +0.563]   +0.055 [+0.025, +0.090] +0.855 [+0.810, +0.905]
  granite42_30b + ministral3_14b            +0.574 [+0.352, +0.769]   +0.055 [+0.025, +0.090] +0.930 [+0.890, +0.965]
  granite42_30b + olmo3_32b_think           +0.452 [+0.233, +0.664]   +0.045 [+0.020, +0.075] +0.910 [+0.870, +0.945]
  granite42_30b + phi4_mini_reasoning       +0.435 [+0.258, +0.595]   +0.060 [+0.030, +0.095] +0.865 [+0.820, +0.910]
  granite42_30b + qwen38_27b                +0.614 [+0.391, +0.801]   +0.055 [+0.025, +0.085] +0.940 [+0.905, +0.970]
  llama32_3b + ministral3_14b               +0.444 [+0.255, +0.614]   +0.065 [+0.030, +0.100] +0.865 [+0.815, +0.915]
  llama32_3b + olmo3_32b_think              +0.262 [+0.080, +0.442]   +0.045 [+0.020, +0.075] +0.825 [+0.770, +0.880]
  llama32_3b + phi4_mini_reasoning          +0.362 [+0.187, +0.531]   +0.080 [+0.045, +0.120] +0.820 [+0.765, +0.870]
  llama32_3b + qwen38_27b                   +0.244 [+0.075, +0.424]   +0.040 [+0.015, +0.070] +0.825 [+0.775, +0.875]
  ministral3_14b + olmo3_32b_think          +0.651 [+0.469, +0.819]   +0.065 [+0.035, +0.100] +0.940 [+0.905, +0.970]
  ministral3_14b + phi4_mini_reasoning      +0.489 [+0.319, +0.639]   +0.070 [+0.035, +0.105] +0.875 [+0.830, +0.920]
  ministral3_14b + qwen38_27b               +0.635 [+0.439, +0.808]   +0.060 [+0.030, +0.095] +0.940 [+0.905, +0.970]
  olmo3_32b_think + phi4_mini_reasoning     +0.307 [+0.130, +0.481]   +0.050 [+0.020, +0.085] +0.835 [+0.780, +0.885]
  olmo3_32b_think + qwen38_27b              +0.635 [+0.426, +0.804]   +0.060 [+0.030, +0.095] +0.940 [+0.905, +0.970]
  phi4_mini_reasoning + qwen38_27b          +0.530 [+0.358, +0.680]   +0.070 [+0.040, +0.105] +0.885 [+0.840, +0.930]

  arc
  pair                                      phi                       co-error                answer agreement
  gemma4_31b + granite42_30b                undefined                 +0.000 [+0.000, +0.000] +0.955 [+0.925, +0.980]
  gemma4_31b + llama32_3b                   undefined                 +0.000 [+0.000, +0.000] +0.820 [+0.765, +0.870]
  gemma4_31b + ministral3_14b               undefined                 +0.000 [+0.000, +0.000] +0.940 [+0.905, +0.970]
  gemma4_31b + olmo3_32b_think              undefined                 +0.000 [+0.000, +0.000] +0.955 [+0.925, +0.980]
  gemma4_31b + phi4_mini_reasoning          undefined                 +0.000 [+0.000, +0.000] +0.870 [+0.820, +0.915]
  gemma4_31b + qwen38_27b                   undefined                 +0.000 [+0.000, +0.000] +0.980 [+0.960, +0.995]
  granite42_30b + llama32_3b                +0.275 [+0.083, +0.441]   +0.030 [+0.010, +0.055] +0.830 [+0.775, +0.880]
  granite42_30b + ministral3_14b            +0.351 [+0.069, +0.591]   +0.020 [+0.005, +0.040] +0.935 [+0.900, +0.965]
  granite42_30b + olmo3_32b_think           +0.418 [+0.100, +0.701]   +0.020 [+0.005, +0.040] +0.950 [+0.920, +0.975]
  granite42_30b + phi4_mini_reasoning       +0.275 [+0.048, +0.472]   +0.025 [+0.005, +0.050] +0.865 [+0.815, +0.910]
  granite42_30b + qwen38_27b                +0.314 [-0.025, +0.628]   +0.010 [+0.000, +0.025] +0.955 [+0.925, +0.980]
  llama32_3b + ministral3_14b               +0.265 [+0.075, +0.446]   +0.035 [+0.010, +0.060] +0.825 [+0.770, +0.875]
  llama32_3b + olmo3_32b_think              +0.149 [-0.044, +0.338]   +0.020 [+0.005, +0.040] +0.815 [+0.760, +0.865]
  llama32_3b + phi4_mini_reasoning          +0.167 [+0.003, +0.331]   +0.045 [+0.020, +0.075] +0.760 [+0.700, +0.820]
  llama32_3b + qwen38_27b                   +0.212 [-0.032, +0.370]   +0.015 [+0.000, +0.035] +0.830 [+0.775, +0.880]
  ministral3_14b + olmo3_32b_think          +0.453 [+0.141, +0.704]   +0.025 [+0.005, +0.050] +0.945 [+0.915, +0.975]
  ministral3_14b + phi4_mini_reasoning      +0.215 [+0.013, +0.405]   +0.025 [+0.005, +0.050] +0.850 [+0.800, +0.900]
  ministral3_14b + qwen38_27b               +0.415 [-0.014, +0.698]   +0.015 [+0.000, +0.035] +0.950 [+0.920, +0.980]
  olmo3_32b_think + phi4_mini_reasoning     +0.203 [-0.014, +0.409]   +0.020 [+0.005, +0.040] +0.860 [+0.810, +0.910]
  olmo3_32b_think + qwen38_27b              +0.314 [-0.024, +0.628]   +0.010 [+0.000, +0.025] +0.955 [+0.925, +0.980]
  phi4_mini_reasoning + qwen38_27b          +0.051 [-0.066, +0.243]   +0.005 [+0.000, +0.015] +0.860 [+0.810, +0.910]

3. BLIND ESTIMATOR VALIDATION  (attenuation law, no gold labels)
  benchmark    pairs                     MAE  [95% CI]   mean blind  mean truth
  gsm8k           21          0.0288  [0.0248, 0.0328]       0.3956      0.3668
  math500         21          0.1238  [0.0880, 0.1624]      -0.1236     -0.0015
  mmlu            21          0.0874  [0.0774, 0.0971]       0.2836      0.1962
  medqa           21          0.0479  [0.0345, 0.0627]       0.1457      0.1017
  boolq           21          0.0918  [0.0828, 0.1000]       0.3900      0.2982
  arc             21          0.0196  [0.0130, 0.0261]       0.3907      0.3711
  OVERALL        126          0.0665  [0.0576, 0.0770]       0.2470      0.2221

   induced blind marginal error rate vs true error rate
   benchmark model                    true e   blind e   abs err
   gsm8k     gemma4_31b                0.028     0.018     0.010
   gsm8k     granite42_30b             0.066     0.045     0.021
   gsm8k     llama32_3b                0.198     0.192     0.006
   gsm8k     ministral3_14b            0.040     0.022     0.018
   gsm8k     olmo3_32b_think           0.050     0.032     0.018
   gsm8k     phi4_mini_reasoning       0.082     0.060     0.022
   gsm8k     qwen38_27b                0.034     0.013     0.021
   math500   gemma4_31b                0.385     0.332     0.053
   math500   granite42_30b             0.515     0.253     0.262
   math500   llama32_3b                0.575     0.015     0.560
   math500   ministral3_14b            0.695     0.000     0.695
   math500   olmo3_32b_think           0.355     0.319     0.036
   math500   phi4_mini_reasoning       0.390     0.334     0.056
   math500   qwen38_27b                0.200     0.366     0.166
   mmlu      gemma4_31b                0.075     0.069     0.006
   mmlu      granite42_30b             0.180     0.079     0.101
   mmlu      llama32_3b                0.385     0.317     0.068
   mmlu      ministral3_14b            0.160     0.072     0.088
   mmlu      olmo3_32b_think           0.130     0.058     0.072
   mmlu      phi4_mini_reasoning       0.255     0.186     0.069
   mmlu      qwen38_27b                0.105     0.069     0.036
   medqa     gemma4_31b                0.075     0.111     0.036
   medqa     granite42_30b             0.345     0.254     0.091
   medqa     llama32_3b                0.460     0.432     0.028
   medqa     ministral3_14b            0.215     0.072     0.143
   medqa     olmo3_32b_think           0.275     0.188     0.087
   medqa     phi4_mini_reasoning       0.420     0.391     0.029
   medqa     qwen38_27b                0.080     0.108     0.028
   boolq     gemma4_31b                0.095     0.037     0.058
   boolq     granite42_30b             0.085     0.037     0.048
   boolq     llama32_3b                0.170     0.131     0.039
   boolq     ministral3_14b            0.095     0.023     0.072
   boolq     olmo3_32b_think           0.095     0.049     0.046
   boolq     phi4_mini_reasoning       0.170     0.101     0.069
   boolq     qwen38_27b                0.085     0.027     0.058
   arc       gemma4_31b                0.000     0.019     0.019
   arc       granite42_30b             0.045     0.025     0.020
   arc       llama32_3b                0.180     0.159     0.021
   arc       ministral3_14b            0.060     0.035     0.025
   arc       olmo3_32b_think           0.045     0.028     0.017
   arc       phi4_mini_reasoning       0.130     0.120     0.010
   arc       qwen38_27b                0.020     0.016     0.004
   mean absolute error of blind marginal recovery: 0.0793

4. EFFECTIVE SWARM SIZE  (N=10)
  composition                                   benchmark   rho_bar   N_eff
  homogeneous: gemma4_31b                       gsm8k        +0.924    1.07
  homogeneous: granite42_30b                    gsm8k        +0.747    1.29
  homogeneous: llama32_3b                       gsm8k        +0.471    1.91
  homogeneous: ministral3_14b                   gsm8k        +0.544    1.70
  homogeneous: olmo3_32b_think                  gsm8k        +0.592    1.58
  homogeneous: phi4_mini_reasoning              gsm8k        +0.593    1.58
  homogeneous: qwen38_27b                       gsm8k        +0.696    1.38
  mixed: gemma4_31b + granite42_30b             gsm8k        +0.590    1.58
  mixed: gemma4_31b + llama32_3b                gsm8k        +0.432    2.05
  mixed: gemma4_31b + ministral3_14b            gsm8k        +0.651    1.46
  mixed: gemma4_31b + olmo3_32b_think           gsm8k        +0.655    1.45
  mixed: gemma4_31b + phi4_mini_reasoning       gsm8k        +0.603    1.55
  mixed: gemma4_31b + qwen38_27b                gsm8k        +0.751    1.29
  mixed: granite42_30b + llama32_3b             gsm8k        +0.422    2.08
  mixed: granite42_30b + ministral3_14b         gsm8k        +0.576    1.62
  mixed: granite42_30b + olmo3_32b_think        gsm8k        +0.551    1.68
  mixed: granite42_30b + phi4_mini_reasoning    gsm8k        +0.531    1.73
  mixed: granite42_30b + qwen38_27b             gsm8k        +0.589    1.59
  mixed: llama32_3b + ministral3_14b            gsm8k        +0.340    2.46
  mixed: llama32_3b + olmo3_32b_think           gsm8k        +0.352    2.40
  mixed: llama32_3b + phi4_mini_reasoning       gsm8k        +0.357    2.37
  mixed: llama32_3b + qwen38_27b                gsm8k        +0.377    2.28
  mixed: ministral3_14b + olmo3_32b_think       gsm8k        +0.565    1.64
  mixed: ministral3_14b + phi4_mini_reasoning   gsm8k        +0.508    1.79
  mixed: ministral3_14b + qwen38_27b            gsm8k        +0.630    1.50
  mixed: olmo3_32b_think + phi4_mini_reasoning  gsm8k        +0.523    1.75
  mixed: olmo3_32b_think + qwen38_27b           gsm8k        +0.656    1.45
  mixed: phi4_mini_reasoning + qwen38_27b       gsm8k        +0.613    1.54
  mixed: gemma4_31b + granite42_30b             math500      +0.686    1.39
  mixed: gemma4_31b + llama32_3b                math500      +0.368    2.32
  mixed: gemma4_31b + ministral3_14b            math500      +0.413    2.12
  mixed: gemma4_31b + olmo3_32b_think           math500      +0.616    1.53
  mixed: gemma4_31b + phi4_mini_reasoning       math500      +0.589    1.59
  mixed: gemma4_31b + qwen38_27b                math500      +0.632    1.50
  mixed: granite42_30b + llama32_3b             math500      +0.461    1.94
  mixed: granite42_30b + ministral3_14b         math500      +0.574    1.62
  mixed: granite42_30b + olmo3_32b_think        math500      +0.595    1.57
  mixed: granite42_30b + phi4_mini_reasoning    math500      +0.612    1.54
  mixed: granite42_30b + qwen38_27b             math500      +0.485    1.86
  mixed: llama32_3b + ministral3_14b            math500      +0.419    2.10
  mixed: llama32_3b + olmo3_32b_think           math500      +0.363    2.34
  mixed: llama32_3b + phi4_mini_reasoning       math500      +0.397    2.19
  mixed: llama32_3b + qwen38_27b                math500      +0.253    3.05
  mixed: ministral3_14b + olmo3_32b_think       math500      +0.401    2.17
  mixed: ministral3_14b + phi4_mini_reasoning   math500      +0.396    2.19
  mixed: ministral3_14b + qwen38_27b            math500      +0.331    2.51
  mixed: olmo3_32b_think + phi4_mini_reasoning  math500      +0.692    1.38
  mixed: olmo3_32b_think + qwen38_27b           math500      +0.648    1.46
  mixed: phi4_mini_reasoning + qwen38_27b       math500      +0.523    1.75
  mixed: gemma4_31b + granite42_30b             mmlu         +0.410    2.13
  mixed: gemma4_31b + llama32_3b                mmlu         +0.126    4.69
  mixed: gemma4_31b + ministral3_14b            mmlu         +0.497    1.83
  mixed: gemma4_31b + olmo3_32b_think           mmlu         +0.454    1.96
  mixed: gemma4_31b + phi4_mini_reasoning       mmlu         +0.400    2.18
  mixed: gemma4_31b + qwen38_27b                mmlu         +0.522    1.76
  mixed: granite42_30b + llama32_3b             mmlu         +0.351    2.40
  mixed: granite42_30b + ministral3_14b         mmlu         +0.506    1.80
  mixed: granite42_30b + olmo3_32b_think        mmlu         +0.515    1.77
  mixed: granite42_30b + phi4_mini_reasoning    mmlu         +0.443    2.01
  mixed: granite42_30b + qwen38_27b             mmlu         +0.434    2.04
  mixed: llama32_3b + ministral3_14b            mmlu         +0.299    2.71
  mixed: llama32_3b + olmo3_32b_think           mmlu         +0.336    2.49
  mixed: llama32_3b + phi4_mini_reasoning       mmlu         +0.292    2.76
  mixed: llama32_3b + qwen38_27b                mmlu         +0.265    2.95
  mixed: ministral3_14b + olmo3_32b_think       mmlu         +0.561    1.65
  mixed: ministral3_14b + phi4_mini_reasoning   mmlu         +0.370    2.31
  mixed: ministral3_14b + qwen38_27b            mmlu         +0.384    2.24
  mixed: olmo3_32b_think + phi4_mini_reasoning  mmlu         +0.388    2.23
  mixed: olmo3_32b_think + qwen38_27b           mmlu         +0.547    1.69
  mixed: phi4_mini_reasoning + qwen38_27b       mmlu         +0.398    2.18
  mixed: gemma4_31b + granite42_30b             medqa        +0.193    3.66
  mixed: gemma4_31b + llama32_3b                medqa        +0.194    3.64
  mixed: gemma4_31b + ministral3_14b            medqa        +0.405    2.15
  mixed: gemma4_31b + olmo3_32b_think           medqa        +0.207    3.49
  mixed: gemma4_31b + phi4_mini_reasoning       medqa        +0.104    5.17
  mixed: gemma4_31b + qwen38_27b                medqa        +0.546    1.69
  mixed: granite42_30b + llama32_3b             medqa        +0.280    2.84
  mixed: granite42_30b + ministral3_14b         medqa        +0.388    2.22
  mixed: granite42_30b + olmo3_32b_think        medqa        +0.425    2.07
  mixed: granite42_30b + phi4_mini_reasoning    medqa        +0.277    2.86
  mixed: granite42_30b + qwen38_27b             medqa        +0.251    3.07
  mixed: llama32_3b + ministral3_14b            medqa        +0.250    3.08
  mixed: llama32_3b + olmo3_32b_think           medqa        +0.195    3.62
  mixed: llama32_3b + phi4_mini_reasoning       medqa        +0.231    3.25
  mixed: llama32_3b + qwen38_27b                medqa        +0.135    4.52
  mixed: ministral3_14b + olmo3_32b_think       medqa        +0.468    1.92
  mixed: ministral3_14b + phi4_mini_reasoning   medqa        +0.270    2.92
  mixed: ministral3_14b + qwen38_27b            medqa        +0.429    2.06
  mixed: olmo3_32b_think + phi4_mini_reasoning  medqa        +0.315    2.61
  mixed: olmo3_32b_think + qwen38_27b           medqa        +0.396    2.19
  mixed: phi4_mini_reasoning + qwen38_27b       medqa        +0.197    3.60
  mixed: gemma4_31b + granite42_30b             boolq        +0.574    1.62
  mixed: gemma4_31b + llama32_3b                boolq        +0.217    3.39
  mixed: gemma4_31b + ministral3_14b            boolq        +0.651    1.46
  mixed: gemma4_31b + olmo3_32b_think           boolq        +0.651    1.46
  mixed: gemma4_31b + phi4_mini_reasoning       boolq        +0.444    2.00
  mixed: gemma4_31b + qwen38_27b                boolq        +0.696    1.38
  mixed: granite42_30b + llama32_3b             boolq        +0.387    2.23
  mixed: granite42_30b + ministral3_14b         boolq        +0.574    1.62
  mixed: granite42_30b + olmo3_32b_think        boolq        +0.452    1.97
  mixed: granite42_30b + phi4_mini_reasoning    boolq        +0.435    2.04
  mixed: granite42_30b + qwen38_27b             boolq        +0.614    1.53
  mixed: llama32_3b + ministral3_14b            boolq        +0.444    2.00
  mixed: llama32_3b + olmo3_32b_think           boolq        +0.262    2.98
  mixed: llama32_3b + phi4_mini_reasoning       boolq        +0.362    2.35
  mixed: llama32_3b + qwen38_27b                boolq        +0.244    3.13
  mixed: ministral3_14b + olmo3_32b_think       boolq        +0.651    1.46
  mixed: ministral3_14b + phi4_mini_reasoning   boolq        +0.489    1.85
  mixed: ministral3_14b + qwen38_27b            boolq        +0.635    1.49
  mixed: olmo3_32b_think + phi4_mini_reasoning  boolq        +0.307    2.66
  mixed: olmo3_32b_think + qwen38_27b           boolq        +0.635    1.49
  mixed: phi4_mini_reasoning + qwen38_27b       boolq        +0.530    1.73
  mixed: gemma4_31b + granite42_30b             arc       undefined      --
  mixed: gemma4_31b + llama32_3b                arc       undefined      --
  mixed: gemma4_31b + ministral3_14b            arc       undefined      --
  mixed: gemma4_31b + olmo3_32b_think           arc       undefined      --
  mixed: gemma4_31b + phi4_mini_reasoning       arc       undefined      --
  mixed: gemma4_31b + qwen38_27b                arc       undefined      --
  mixed: granite42_30b + llama32_3b             arc          +0.275    2.88
  mixed: granite42_30b + ministral3_14b         arc          +0.351    2.40
  mixed: granite42_30b + olmo3_32b_think        arc          +0.418    2.10
  mixed: granite42_30b + phi4_mini_reasoning    arc          +0.275    2.88
  mixed: granite42_30b + qwen38_27b             arc          +0.314    2.62
  mixed: llama32_3b + ministral3_14b            arc          +0.265    2.95
  mixed: llama32_3b + olmo3_32b_think           arc          +0.149    4.26
  mixed: llama32_3b + phi4_mini_reasoning       arc          +0.167    3.99
  mixed: llama32_3b + qwen38_27b                arc          +0.212    3.44
  mixed: ministral3_14b + olmo3_32b_think       arc          +0.453    1.97
  mixed: ministral3_14b + phi4_mini_reasoning   arc          +0.215    3.40
  mixed: ministral3_14b + qwen38_27b            arc          +0.415    2.11
  mixed: olmo3_32b_think + phi4_mini_reasoning  arc          +0.203    3.54
  mixed: olmo3_32b_think + qwen38_27b           arc          +0.314    2.62
  mixed: phi4_mini_reasoning + qwen38_27b       arc          +0.051    6.86

wrote results/correlation/*.parquet and figures/correlation_heatmap.pdf

=== 2026-09-02T20:53Z :: /home/ubuntu/Liars_Are_Information/.venv/bin/python /home/ubuntu/Liars_Are_Information/scripts/phase_b2_multiclass.py ===
2026-09-02T20:53:58.763414Z [info     ] phase_b2.start                 [__main__] models=['gemma4_31b', 'granite42_30b', 'llama32_3b', 'ministral3_14b', 'olmo3_32b_think', 'phi4_mini_reasoning', 'qwen38_27b'] resamples=1000
2026-09-02T21:07:41.138391Z [info     ] phase_b2.benchmark_done        [__main__] benchmark=gsm8k mae_error_binary=0.0165 mae_error_mc=0.0112 mae_product_binary=0.0288 mae_product_delta=-0.0095 mae_product_mc=0.0193 mae_q=0.213 mean_q_blind=0.22 mean_q_true=0.4182 n_both_wrong_pooled=282.0 q_pooled=0.4113
2026-09-02T21:27:39.670538Z [info     ] phase_b2.benchmark_done        [__main__] benchmark=math500 mae_error_binary=0.261 mae_error_mc=0.0359 mae_product_binary=0.1238 mae_product_delta=-0.111 mae_product_mc=0.0128 mae_q=0.0851 mean_q_blind=0.1004 mean_q_true=0.0153 n_both_wrong_pooled=1284.0 q_pooled=0.014
2026-09-02T21:33:53.107573Z [info     ] phase_b2.benchmark_done        [__main__] benchmark=mmlu mae_error_binary=0.0629 mae_error_mc=0.0528 mae_product_binary=0.0874 mae_product_delta=-0.0146 mae_product_mc=0.0728 mae_q=0.2602 mean_q_blind=0.5462 mean_q_true=0.8063 n_both_wrong_pooled=358.0 q_pooled=0.7849

====================================================================================================
PHASE B2 — MULTICLASS ATTENUATION LAW
====================================================================================================
bootstrap: 1000 resamples over tasks, seed 20250825

1. PAIRWISE PRODUCT  (1-2e_i)(1-2e_j)/2 — MAE vs ground truth
benchmark              binary law [95% CI]           multiclass law [95% CI]       verdict
gsm8k              0.0288 [0.0142, 0.0444]           0.0193 [0.0074, 0.0335]      IMPROVED
math500            0.1238 [0.0859, 0.1618]           0.0128 [0.0066, 0.0394]      IMPROVED
mmlu               0.0874 [0.0538, 0.1232]           0.0728 [0.0390, 0.1086]      IMPROVED

   paired difference (multiclass - binary); negative favours multiclass
   benchmark                 delta MAE [95% CI]
   gsm8k             -0.0095 [-0.0137, -0.0050]
   math500           -0.1110 [-0.1426, -0.0676]
   mmlu              -0.0146 [-0.0209, -0.0076]

2. MARGINAL ERROR RATES e_i — MAE vs ground truth
benchmark              binary law [95% CI]           multiclass law [95% CI]       verdict
gsm8k              0.0165 [0.0084, 0.0260]           0.0112 [0.0048, 0.0204]      IMPROVED
math500            0.2610 [0.1857, 0.3404]           0.0359 [0.0170, 0.1261]      IMPROVED
mmlu               0.0629 [0.0407, 0.0927]           0.0528 [0.0295, 0.0820]      IMPROVED

3. COINCIDENCE q_ij — blind estimate vs ground truth
benchmark                  MAE(q) [95% CI]  mean q true  mean q blind
gsm8k              0.2130 [0.1149, 0.3874]       0.4182        0.2200
math500            0.0851 [0.0457, 0.2447]       0.0153        0.1004
mmlu               0.2602 [0.2065, 0.3768]       0.8063        0.5462

4. POOLED HONEST q  (all jointly-wrong events on the benchmark)
benchmark   events               q pooled [95% CI]  chance  verdict
gsm8k          282            0.411 [0.235, 0.569]   0.000  ABOVE CHANCE
math500       1284            0.014 [0.002, 0.032]   0.000  ABOVE CHANCE
mmlu           358            0.785 [0.674, 0.873]   0.333  ABOVE CHANCE

5. HONEST q_ij PER PAIR  (ground truth; chance is 1/3 on MMLU, ~0 open-ended)
benchmarkpair                                     n both wrong                  q [95% CI]  chance  above chance?
gsm8k    gemma4_31b + granite42_30b                          9        0.444 [0.100, 0.778]   0.000  YES
gsm8k    gemma4_31b + llama32_3b                            10        0.200 [0.000, 0.500]   0.000  no
gsm8k    gemma4_31b + ministral3_14b                        10        0.500 [0.167, 0.833]   0.000  YES
gsm8k    gemma4_31b + olmo3_32b_think                       11        0.455 [0.143, 0.750]   0.000  YES
gsm8k    gemma4_31b + phi4_mini_reasoning                   12        0.417 [0.125, 0.700]   0.000  YES
gsm8k    gemma4_31b + qwen38_27b                            11        0.455 [0.125, 0.778]   0.000  YES
gsm8k    granite42_30b + llama32_3b                         20        0.300 [0.105, 0.500]   0.000  YES
gsm8k    granite42_30b + ministral3_14b                     14        0.429 [0.166, 0.700]   0.000  YES
gsm8k    granite42_30b + olmo3_32b_think                    14        0.429 [0.167, 0.667]   0.000  YES
gsm8k    granite42_30b + phi4_mini_reasoning                17        0.412 [0.167, 0.667]   0.000  YES
gsm8k    granite42_30b + qwen38_27b                         12        0.667 [0.375, 0.917]   0.000  YES
gsm8k    llama32_3b + ministral3_14b                        12        0.333 [0.071, 0.667]   0.000  YES
gsm8k    llama32_3b + olmo3_32b_think                       14        0.214 [0.000, 0.462]   0.000  no
gsm8k    llama32_3b + phi4_mini_reasoning                   20        0.200 [0.050, 0.400]   0.000  YES
gsm8k    llama32_3b + qwen38_27b                            11        0.273 [0.000, 0.583]   0.000  no
gsm8k    ministral3_14b + olmo3_32b_think                   13        0.538 [0.250, 0.813]   0.000  YES
gsm8k    ministral3_14b + phi4_mini_reasoning               14        0.571 [0.300, 0.833]   0.000  YES
gsm8k    ministral3_14b + qwen38_27b                        12        0.500 [0.200, 0.778]   0.000  YES
gsm8k    olmo3_32b_think + phi4_mini_reasoning              16        0.312 [0.077, 0.533]   0.000  YES
gsm8k    olmo3_32b_think + qwen38_27b                       14        0.571 [0.300, 0.812]   0.000  YES
gsm8k    phi4_mini_reasoning + qwen38_27b                   16        0.562 [0.307, 0.810]   0.000  YES
math500  gemma4_31b + granite42_30b                         73        0.014 [0.000, 0.045]   0.000  no
math500  gemma4_31b + llama32_3b                            62        0.016 [0.000, 0.055]   0.000  no
math500  gemma4_31b + ministral3_14b                        72        0.014 [0.000, 0.044]   0.000  no
math500  gemma4_31b + olmo3_32b_think                       56        0.018 [0.000, 0.059]   0.000  no
math500  gemma4_31b + phi4_mini_reasoning                   58        0.017 [0.000, 0.056]   0.000  no
math500  gemma4_31b + qwen38_27b                            40        0.000 [0.000, 0.000]   0.000  no
math500  granite42_30b + llama32_3b                         82        0.000 [0.000, 0.000]   0.000  no
math500  granite42_30b + ministral3_14b                     98        0.010 [0.000, 0.032]   0.000  no
math500  granite42_30b + olmo3_32b_think                    65        0.000 [0.000, 0.000]   0.000  no
math500  granite42_30b + phi4_mini_reasoning                70        0.014 [0.000, 0.046]   0.000  no
math500  granite42_30b + qwen38_27b                         40        0.025 [0.000, 0.081]   0.000  no
math500  llama32_3b + ministral3_14b                        99        0.000 [0.000, 0.000]   0.000  no
math500  llama32_3b + olmo3_32b_think                       58        0.017 [0.000, 0.056]   0.000  no
math500  llama32_3b + phi4_mini_reasoning                   64        0.000 [0.000, 0.000]   0.000  no
math500  llama32_3b + qwen38_27b                            33        0.030 [0.000, 0.096]   0.000  no
math500  ministral3_14b + olmo3_32b_think                   67        0.015 [0.000, 0.048]   0.000  no
math500  ministral3_14b + phi4_mini_reasoning               72        0.028 [0.000, 0.074]   0.000  no
math500  ministral3_14b + qwen38_27b                        40        0.000 [0.000, 0.000]   0.000  no
math500  olmo3_32b_think + phi4_mini_reasoning              60        0.050 [0.000, 0.111]   0.000  no
math500  olmo3_32b_think + qwen38_27b                       39        0.026 [0.000, 0.081]   0.000  no
math500  phi4_mini_reasoning + qwen38_27b                   36        0.028 [0.000, 0.091]   0.000  no
mmlu     gemma4_31b + granite42_30b                         11        1.000 [1.000, 1.000]   0.333  YES
mmlu     gemma4_31b + llama32_3b                             9        1.000 [1.000, 1.000]   0.333  YES
mmlu     gemma4_31b + ministral3_14b                        12        1.000 [1.000, 1.000]   0.333  YES
mmlu     gemma4_31b + olmo3_32b_think                       10        0.800 [0.500, 1.000]   0.333  YES
mmlu     gemma4_31b + phi4_mini_reasoning                   13        0.692 [0.400, 0.929]   0.333  YES
mmlu     gemma4_31b + qwen38_27b                            10        0.800 [0.500, 1.000]   0.333  YES
mmlu     granite42_30b + llama32_3b                         27        0.778 [0.609, 0.909]   0.333  YES
mmlu     granite42_30b + ministral3_14b                     20        0.950 [0.833, 1.000]   0.333  YES
mmlu     granite42_30b + olmo3_32b_think                    18        0.833 [0.636, 1.000]   0.333  YES
mmlu     granite42_30b + phi4_mini_reasoning                24        0.667 [0.470, 0.846]   0.333  YES
mmlu     granite42_30b + qwen38_27b                         14        0.786 [0.538, 1.000]   0.333  YES
mmlu     llama32_3b + ministral3_14b                        23        0.870 [0.708, 1.000]   0.333  YES
mmlu     llama32_3b + olmo3_32b_think                       21        0.714 [0.500, 0.905]   0.333  YES
mmlu     llama32_3b + phi4_mini_reasoning                   32        0.594 [0.414, 0.759]   0.333  YES
mmlu     llama32_3b + qwen38_27b                            16        0.750 [0.500, 0.944]   0.333  YES
mmlu     ministral3_14b + olmo3_32b_think                   18        0.778 [0.538, 0.950]   0.333  YES
mmlu     ministral3_14b + phi4_mini_reasoning               20        0.750 [0.556, 0.933]   0.333  YES
mmlu     ministral3_14b + qwen38_27b                        12        0.833 [0.600, 1.000]   0.333  YES
mmlu     olmo3_32b_think + phi4_mini_reasoning              18        0.722 [0.500, 0.923]   0.333  YES
mmlu     olmo3_32b_think + qwen38_27b                       14        0.929 [0.765, 1.000]   0.333  YES
mmlu     phi4_mini_reasoning + qwen38_27b                   16        0.688 [0.462, 0.909]   0.333  YES

wrote results/correlation/multiclass_validation.parquet and results/correlation/q_pairwise.parquet

=== 2026-09-02T21:33Z :: /home/ubuntu/Liars_Are_Information/.venv/bin/python /home/ubuntu/Liars_Are_Information/scripts/calibrate_receiver_coherence.py ===
models: ['gemma4_31b', 'granite42_30b', 'llama32_3b', 'ministral3_14b', 'olmo3_32b_think', 'phi4_mini_reasoning', 'qwen38_27b']
receiver-conditioned honest coherence (bootstrap 1000, seed 20250825)

benchmark                q_recv [95% CI]   gold-conditioned q (B2)
gsm8k               0.654 [0.574, 0.749]                     0.000
          -> ceiling (upper CI bound) = 0.749
math500             0.161 [0.135, 0.194]                     0.000
          -> ceiling (upper CI bound) = 0.194
mmlu                0.763 [0.694, 0.838]                     0.333
          -> ceiling (upper CI bound) = 0.838
medqa               0.662 [0.615, 0.715]                     0.333
          -> ceiling (upper CI bound) = 0.715
boolq               1.000 [1.000, 1.000]                     1.000
          -> ceiling (upper CI bound) = 1.000
arc                 0.896 [0.828, 0.964]                     0.333
          -> ceiling (upper CI bound) = 0.964

=== 2026-09-03T05:03Z :: /home/ubuntu/Liars_Are_Information/.venv/bin/python /home/ubuntu/Liars_Are_Information/scripts/phase_b_correlation.py ===
2026-09-03T05:03:01.902232Z [info     ] phase_b.start                  [__main__] flagged=1 models=['gemma4_31b', 'granite42_30b', 'llama32_3b', 'ministral3_14b', 'olmo3_32b_think', 'phi4_mini_reasoning', 'qwen38_27b'] resamples=2000

========================================================================================================
PHASE B — ERROR CORRELATION
========================================================================================================
bootstrap: 2000 resamples over tasks, seed 20250825; 95% percentile CIs

1. WITHIN-MODEL  (GSM8K: greedy sample_index=0 vs T=0.7 sample_index=1)
model                    n  phi (error corr)          co-error                answer agreement
gemma4_31b             500  +0.924 [+0.799, +1.000]   +0.024 [+0.012, +0.038] +0.990 [+0.980, +0.998]
granite42_30b          500  +0.747 [+0.617, +0.862]   +0.048 [+0.030, +0.068] +0.940 [+0.918, +0.960]
llama32_3b             500  +0.471 [+0.374, +0.558]   +0.118 [+0.090, +0.148] +0.742 [+0.704, +0.778]
ministral3_14b         500  +0.544 [+0.369, +0.685]   +0.030 [+0.016, +0.044] +0.938 [+0.916, +0.958]
olmo3_32b_think        500  +0.592 [+0.394, +0.751]   +0.028 [+0.016, +0.044] +0.950 [+0.930, +0.968]
phi4_mini_reasoning    500  +0.593 [+0.447, +0.716]   +0.052 [+0.034, +0.072] +0.914 [+0.888, +0.938]
qwen38_27b             500  +0.696 [+0.488, +0.855]   +0.024 [+0.012, +0.038] +0.968 [+0.952, +0.982]

2. CROSS-MODEL  (greedy caches)

  gsm8k
  pair                                      phi                       co-error                answer agreement
  gemma4_31b + granite42_30b                +0.394 [+0.199, +0.556]   +0.018 [+0.008, +0.030] +0.932 [+0.908, +0.952]
  gemma4_31b + llama32_3b                   +0.220 [+0.095, +0.326]   +0.020 [+0.010, +0.032] +0.798 [+0.762, +0.832]
  gemma4_31b + ministral3_14b               +0.584 [+0.358, +0.764]   +0.020 [+0.008, +0.032] +0.962 [+0.946, +0.978]
  gemma4_31b + olmo3_32b_think              +0.573 [+0.361, +0.735]   +0.022 [+0.010, +0.034] +0.954 [+0.934, +0.970]
  gemma4_31b + phi4_mini_reasoning          +0.480 [+0.313, +0.618]   +0.024 [+0.012, +0.038] +0.924 [+0.900, +0.946]
  gemma4_31b + qwen38_27b                   +0.704 [+0.478, +0.867]   +0.022 [+0.010, +0.036] +0.970 [+0.954, +0.984]
  granite42_30b + llama32_3b                +0.272 [+0.153, +0.378]   +0.040 [+0.024, +0.058] +0.788 [+0.752, +0.824]
  granite42_30b + ministral3_14b            +0.521 [+0.337, +0.673]   +0.028 [+0.014, +0.042] +0.934 [+0.912, +0.956]
  granite42_30b + olmo3_32b_think           +0.456 [+0.277, +0.610]   +0.028 [+0.014, +0.044] +0.924 [+0.900, +0.948]
  granite42_30b + phi4_mini_reasoning       +0.420 [+0.264, +0.558]   +0.034 [+0.018, +0.052] +0.900 [+0.874, +0.926]
  granite42_30b + qwen38_27b                +0.484 [+0.292, +0.645]   +0.024 [+0.012, +0.038] +0.940 [+0.920, +0.960]
  llama32_3b + ministral3_14b               +0.206 [+0.081, +0.313]   +0.024 [+0.012, +0.038] +0.794 [+0.758, +0.830]
  llama32_3b + olmo3_32b_think              +0.208 [+0.093, +0.316]   +0.028 [+0.014, +0.044] +0.786 [+0.750, +0.822]
  llama32_3b + phi4_mini_reasoning          +0.217 [+0.104, +0.330]   +0.040 [+0.024, +0.058] +0.768 [+0.730, +0.804]
  llama32_3b + qwen38_27b                   +0.211 [+0.086, +0.317]   +0.022 [+0.010, +0.036] +0.796 [+0.760, +0.830]
  ministral3_14b + olmo3_32b_think          +0.562 [+0.356, +0.718]   +0.026 [+0.014, +0.040] +0.950 [+0.932, +0.968]
  ministral3_14b + phi4_mini_reasoning      +0.460 [+0.290, +0.604]   +0.028 [+0.014, +0.042] +0.922 [+0.898, +0.944]
  ministral3_14b + qwen38_27b               +0.638 [+0.423, +0.803]   +0.024 [+0.012, +0.038] +0.962 [+0.944, +0.978]
  olmo3_32b_think + phi4_mini_reasoning     +0.467 [+0.308, +0.616]   +0.032 [+0.018, +0.048] +0.910 [+0.884, +0.934]
  olmo3_32b_think + qwen38_27b              +0.666 [+0.483, +0.816]   +0.028 [+0.014, +0.044] +0.960 [+0.942, +0.976]
  phi4_mini_reasoning + qwen38_27b          +0.587 [+0.437, +0.708]   +0.032 [+0.018, +0.048] +0.934 [+0.910, +0.954]

  math500
  pair                                      phi                       co-error                answer agreement
  gemma4_31b + granite42_30b                +0.686 [+0.590, +0.777]   +0.365 [+0.300, +0.430] +0.425 [+0.355, +0.490]
  gemma4_31b + llama32_3b                   +0.368 [+0.245, +0.483]   +0.310 [+0.245, +0.370] +0.330 [+0.265, +0.395]
  gemma4_31b + ministral3_14b               +0.413 [+0.308, +0.504]   +0.360 [+0.295, +0.425] +0.230 [+0.175, +0.290]
  gemma4_31b + olmo3_32b_think              +0.616 [+0.497, +0.722]   +0.280 [+0.215, +0.345] +0.475 [+0.405, +0.545]
  gemma4_31b + phi4_mini_reasoning          +0.589 [+0.465, +0.700]   +0.290 [+0.225, +0.355] +0.445 [+0.375, +0.515]
  gemma4_31b + qwen38_27b                   +0.632 [+0.545, +0.721]   +0.200 [+0.145, +0.255] +0.550 [+0.485, +0.615]
  granite42_30b + llama32_3b                +0.461 [+0.332, +0.584]   +0.410 [+0.345, +0.480] +0.290 [+0.230, +0.355]
  granite42_30b + ministral3_14b            +0.574 [+0.471, +0.670]   +0.490 [+0.420, +0.565] +0.245 [+0.190, +0.310]
  granite42_30b + olmo3_32b_think           +0.595 [+0.492, +0.688]   +0.325 [+0.260, +0.390] +0.400 [+0.335, +0.470]
  granite42_30b + phi4_mini_reasoning       +0.612 [+0.504, +0.711]   +0.350 [+0.285, +0.415] +0.395 [+0.330, +0.465]
  granite42_30b + qwen38_27b                +0.485 [+0.405, +0.562]   +0.200 [+0.145, +0.255] +0.450 [+0.380, +0.520]
  llama32_3b + ministral3_14b               +0.419 [+0.287, +0.538]   +0.495 [+0.430, +0.560] +0.195 [+0.140, +0.250]
  llama32_3b + olmo3_32b_think              +0.363 [+0.237, +0.479]   +0.290 [+0.230, +0.355] +0.320 [+0.255, +0.385]
  llama32_3b + phi4_mini_reasoning          +0.397 [+0.276, +0.518]   +0.320 [+0.255, +0.385] +0.315 [+0.250, +0.380]
  llama32_3b + qwen38_27b                   +0.253 [+0.126, +0.367]   +0.165 [+0.115, +0.215] +0.390 [+0.325, +0.460]
  ministral3_14b + olmo3_32b_think          +0.401 [+0.298, +0.490]   +0.335 [+0.270, +0.400] +0.275 [+0.220, +0.335]
  ministral3_14b + phi4_mini_reasoning      +0.396 [+0.285, +0.494]   +0.360 [+0.295, +0.425] +0.270 [+0.215, +0.330]
  ministral3_14b + qwen38_27b               +0.331 [+0.269, +0.392]   +0.200 [+0.145, +0.255] +0.255 [+0.200, +0.320]
  olmo3_32b_think + phi4_mini_reasoning     +0.692 [+0.586, +0.792]   +0.300 [+0.240, +0.365] +0.550 [+0.480, +0.620]
  olmo3_32b_think + qwen38_27b              +0.648 [+0.546, +0.737]   +0.195 [+0.140, +0.250] +0.565 [+0.495, +0.635]
  phi4_mini_reasoning + qwen38_27b          +0.523 [+0.404, +0.625]   +0.180 [+0.125, +0.235] +0.535 [+0.460, +0.605]

  mmlu
  pair                                      phi                       co-error                answer agreement
  gemma4_31b + granite42_30b                +0.410 [+0.210, +0.578]   +0.055 [+0.025, +0.085] +0.855 [+0.805, +0.900]
  gemma4_31b + llama32_3b                   +0.126 [-0.023, +0.265]   +0.045 [+0.020, +0.075] +0.630 [+0.560, +0.695]
  gemma4_31b + ministral3_14b               +0.497 [+0.304, +0.666]   +0.060 [+0.030, +0.095] +0.885 [+0.840, +0.925]
  gemma4_31b + olmo3_32b_think              +0.454 [+0.229, +0.643]   +0.050 [+0.025, +0.085] +0.885 [+0.840, +0.925]
  gemma4_31b + phi4_mini_reasoning          +0.400 [+0.252, +0.531]   +0.065 [+0.035, +0.100] +0.780 [+0.725, +0.835]
  gemma4_31b + qwen38_27b                   +0.522 [+0.292, +0.708]   +0.050 [+0.025, +0.080] +0.910 [+0.870, +0.945]
  granite42_30b + llama32_3b                +0.351 [+0.216, +0.481]   +0.135 [+0.090, +0.185] +0.675 [+0.610, +0.735]
  granite42_30b + ministral3_14b            +0.506 [+0.337, +0.659]   +0.100 [+0.060, +0.145] +0.855 [+0.805, +0.905]
  granite42_30b + olmo3_32b_think           +0.515 [+0.339, +0.668]   +0.090 [+0.055, +0.130] +0.855 [+0.805, +0.900]
  granite42_30b + phi4_mini_reasoning       +0.443 [+0.295, +0.583]   +0.120 [+0.080, +0.165] +0.765 [+0.705, +0.820]
  granite42_30b + qwen38_27b                +0.434 [+0.246, +0.595]   +0.070 [+0.040, +0.105] +0.840 [+0.790, +0.890]
  llama32_3b + ministral3_14b               +0.299 [+0.163, +0.434]   +0.115 [+0.075, +0.160] +0.670 [+0.610, +0.730]
  llama32_3b + olmo3_32b_think              +0.336 [+0.210, +0.457]   +0.105 [+0.065, +0.150] +0.665 [+0.600, +0.725]
  llama32_3b + phi4_mini_reasoning          +0.292 [+0.151, +0.421]   +0.160 [+0.110, +0.215] +0.615 [+0.550, +0.680]
  llama32_3b + qwen38_27b                   +0.265 [+0.121, +0.391]   +0.080 [+0.045, +0.120] +0.650 [+0.585, +0.715]
  ministral3_14b + olmo3_32b_think          +0.561 [+0.375, +0.711]   +0.090 [+0.055, +0.130] +0.870 [+0.820, +0.915]
  ministral3_14b + phi4_mini_reasoning      +0.370 [+0.208, +0.516]   +0.100 [+0.060, +0.140] +0.760 [+0.695, +0.815]
  ministral3_14b + qwen38_27b               +0.384 [+0.183, +0.565]   +0.060 [+0.030, +0.095] +0.845 [+0.795, +0.895]
  olmo3_32b_think + phi4_mini_reasoning     +0.388 [+0.221, +0.534]   +0.090 [+0.055, +0.130] +0.770 [+0.715, +0.825]
  olmo3_32b_think + qwen38_27b              +0.547 [+0.342, +0.718]   +0.070 [+0.040, +0.105] +0.900 [+0.855, +0.940]
  phi4_mini_reasoning + qwen38_27b          +0.398 [+0.237, +0.533]   +0.080 [+0.045, +0.120] +0.775 [+0.720, +0.830]

  medqa
  pair                                      phi                       co-error                answer agreement
  gemma4_31b + granite42_30b                +0.193 [+0.036, +0.325]   +0.050 [+0.025, +0.080] +0.655 [+0.590, +0.725]
  gemma4_31b + llama32_3b                   +0.194 [+0.058, +0.308]   +0.060 [+0.030, +0.095] +0.555 [+0.485, +0.625]
  gemma4_31b + ministral3_14b               +0.405 [+0.227, +0.545]   +0.060 [+0.030, +0.095] +0.815 [+0.765, +0.870]
  gemma4_31b + olmo3_32b_think              +0.207 [+0.042, +0.362]   +0.045 [+0.020, +0.075] +0.725 [+0.665, +0.785]
  gemma4_31b + phi4_mini_reasoning          +0.104 [-0.042, +0.242]   +0.045 [+0.020, +0.075] +0.575 [+0.505, +0.645]
  gemma4_31b + qwen38_27b                   +0.546 [+0.278, +0.741]   +0.045 [+0.020, +0.075] +0.915 [+0.870, +0.950]
  granite42_30b + llama32_3b                +0.280 [+0.135, +0.408]   +0.225 [+0.165, +0.285] +0.540 [+0.470, +0.610]
  granite42_30b + ministral3_14b            +0.388 [+0.242, +0.525]   +0.150 [+0.100, +0.205] +0.700 [+0.635, +0.765]
  granite42_30b + olmo3_32b_think           +0.425 [+0.282, +0.555]   +0.185 [+0.135, +0.240] +0.680 [+0.615, +0.745]
  granite42_30b + phi4_mini_reasoning       +0.277 [+0.144, +0.414]   +0.210 [+0.155, +0.265] +0.555 [+0.485, +0.620]
  granite42_30b + qwen38_27b                +0.251 [+0.107, +0.381]   +0.060 [+0.030, +0.095] +0.665 [+0.600, +0.730]
  llama32_3b + ministral3_14b               +0.250 [+0.117, +0.381]   +0.150 [+0.100, +0.205] +0.570 [+0.500, +0.640]
  llama32_3b + olmo3_32b_think              +0.195 [+0.054, +0.331]   +0.170 [+0.120, +0.220] +0.535 [+0.465, +0.605]
  llama32_3b + phi4_mini_reasoning          +0.231 [+0.096, +0.365]   +0.250 [+0.195, +0.310] +0.465 [+0.395, +0.540]
  llama32_3b + qwen38_27b                   +0.135 [-0.007, +0.263]   +0.055 [+0.025, +0.085] +0.540 [+0.470, +0.610]
  ministral3_14b + olmo3_32b_think          +0.468 [+0.324, +0.604]   +0.145 [+0.100, +0.195] +0.760 [+0.700, +0.815]
  ministral3_14b + phi4_mini_reasoning      +0.270 [+0.132, +0.405]   +0.145 [+0.100, +0.195] +0.590 [+0.525, +0.655]
  ministral3_14b + qwen38_27b               +0.429 [+0.257, +0.567]   +0.065 [+0.035, +0.100] +0.815 [+0.765, +0.865]
  olmo3_32b_think + phi4_mini_reasoning     +0.315 [+0.177, +0.445]   +0.185 [+0.135, +0.235] +0.570 [+0.505, +0.635]
  olmo3_32b_think + qwen38_27b              +0.396 [+0.253, +0.520]   +0.070 [+0.035, +0.105] +0.745 [+0.685, +0.805]
  phi4_mini_reasoning + qwen38_27b          +0.197 [+0.066, +0.322]   +0.060 [+0.030, +0.095] +0.590 [+0.520, +0.655]

  boolq
  pair                                      phi                       co-error                answer agreement
  gemma4_31b + granite42_30b                +0.574 [+0.352, +0.760]   +0.055 [+0.025, +0.090] +0.930 [+0.890, +0.965]
  gemma4_31b + llama32_3b                   +0.217 [+0.044, +0.408]   +0.040 [+0.015, +0.070] +0.815 [+0.760, +0.870]
  gemma4_31b + ministral3_14b               +0.651 [+0.453, +0.815]   +0.065 [+0.035, +0.100] +0.940 [+0.905, +0.970]
  gemma4_31b + olmo3_32b_think              +0.651 [+0.449, +0.823]   +0.065 [+0.030, +0.100] +0.940 [+0.905, +0.970]
  gemma4_31b + phi4_mini_reasoning          +0.444 [+0.268, +0.613]   +0.065 [+0.035, +0.100] +0.865 [+0.820, +0.910]
  gemma4_31b + qwen38_27b                   +0.696 [+0.484, +0.861]   +0.065 [+0.030, +0.100] +0.950 [+0.915, +0.975]
  granite42_30b + llama32_3b                +0.387 [+0.207, +0.563]   +0.055 [+0.025, +0.090] +0.855 [+0.810, +0.905]
  granite42_30b + ministral3_14b            +0.574 [+0.352, +0.769]   +0.055 [+0.025, +0.090] +0.930 [+0.890, +0.965]
  granite42_30b + olmo3_32b_think           +0.452 [+0.233, +0.664]   +0.045 [+0.020, +0.075] +0.910 [+0.870, +0.945]
  granite42_30b + phi4_mini_reasoning       +0.435 [+0.258, +0.595]   +0.060 [+0.030, +0.095] +0.865 [+0.820, +0.910]
  granite42_30b + qwen38_27b                +0.614 [+0.391, +0.801]   +0.055 [+0.025, +0.085] +0.940 [+0.905, +0.970]
  llama32_3b + ministral3_14b               +0.444 [+0.255, +0.614]   +0.065 [+0.030, +0.100] +0.865 [+0.815, +0.915]
  llama32_3b + olmo3_32b_think              +0.262 [+0.080, +0.442]   +0.045 [+0.020, +0.075] +0.825 [+0.770, +0.880]
  llama32_3b + phi4_mini_reasoning          +0.362 [+0.187, +0.531]   +0.080 [+0.045, +0.120] +0.820 [+0.765, +0.870]
  llama32_3b + qwen38_27b                   +0.244 [+0.075, +0.424]   +0.040 [+0.015, +0.070] +0.825 [+0.775, +0.875]
  ministral3_14b + olmo3_32b_think          +0.651 [+0.469, +0.819]   +0.065 [+0.035, +0.100] +0.940 [+0.905, +0.970]
  ministral3_14b + phi4_mini_reasoning      +0.489 [+0.319, +0.639]   +0.070 [+0.035, +0.105] +0.875 [+0.830, +0.920]
  ministral3_14b + qwen38_27b               +0.635 [+0.439, +0.808]   +0.060 [+0.030, +0.095] +0.940 [+0.905, +0.970]
  olmo3_32b_think + phi4_mini_reasoning     +0.307 [+0.130, +0.481]   +0.050 [+0.020, +0.085] +0.835 [+0.780, +0.885]
  olmo3_32b_think + qwen38_27b              +0.635 [+0.426, +0.804]   +0.060 [+0.030, +0.095] +0.940 [+0.905, +0.970]
  phi4_mini_reasoning + qwen38_27b          +0.530 [+0.358, +0.680]   +0.070 [+0.040, +0.105] +0.885 [+0.840, +0.930]

  arc
  pair                                      phi                       co-error                answer agreement
  gemma4_31b + granite42_30b                undefined                 +0.000 [+0.000, +0.000] +0.955 [+0.925, +0.980]
  gemma4_31b + llama32_3b                   undefined                 +0.000 [+0.000, +0.000] +0.820 [+0.765, +0.870]
  gemma4_31b + ministral3_14b               undefined                 +0.000 [+0.000, +0.000] +0.940 [+0.905, +0.970]
  gemma4_31b + olmo3_32b_think              undefined                 +0.000 [+0.000, +0.000] +0.955 [+0.925, +0.980]
  gemma4_31b + phi4_mini_reasoning          undefined                 +0.000 [+0.000, +0.000] +0.870 [+0.820, +0.915]
  gemma4_31b + qwen38_27b                   undefined                 +0.000 [+0.000, +0.000] +0.980 [+0.960, +0.995]
  granite42_30b + llama32_3b                +0.275 [+0.083, +0.441]   +0.030 [+0.010, +0.055] +0.830 [+0.775, +0.880]
  granite42_30b + ministral3_14b            +0.351 [+0.069, +0.591]   +0.020 [+0.005, +0.040] +0.935 [+0.900, +0.965]
  granite42_30b + olmo3_32b_think           +0.418 [+0.100, +0.701]   +0.020 [+0.005, +0.040] +0.950 [+0.920, +0.975]
  granite42_30b + phi4_mini_reasoning       +0.275 [+0.048, +0.472]   +0.025 [+0.005, +0.050] +0.865 [+0.815, +0.910]
  granite42_30b + qwen38_27b                +0.314 [-0.025, +0.628]   +0.010 [+0.000, +0.025] +0.955 [+0.925, +0.980]
  llama32_3b + ministral3_14b               +0.265 [+0.075, +0.446]   +0.035 [+0.010, +0.060] +0.825 [+0.770, +0.875]
  llama32_3b + olmo3_32b_think              +0.149 [-0.044, +0.338]   +0.020 [+0.005, +0.040] +0.815 [+0.760, +0.865]
  llama32_3b + phi4_mini_reasoning          +0.167 [+0.003, +0.331]   +0.045 [+0.020, +0.075] +0.760 [+0.700, +0.820]
  llama32_3b + qwen38_27b                   +0.212 [-0.032, +0.370]   +0.015 [+0.000, +0.035] +0.830 [+0.775, +0.880]
  ministral3_14b + olmo3_32b_think          +0.453 [+0.141, +0.704]   +0.025 [+0.005, +0.050] +0.945 [+0.915, +0.975]
  ministral3_14b + phi4_mini_reasoning      +0.215 [+0.013, +0.405]   +0.025 [+0.005, +0.050] +0.850 [+0.800, +0.900]
  ministral3_14b + qwen38_27b               +0.415 [-0.014, +0.698]   +0.015 [+0.000, +0.035] +0.950 [+0.920, +0.980]
  olmo3_32b_think + phi4_mini_reasoning     +0.203 [-0.014, +0.409]   +0.020 [+0.005, +0.040] +0.860 [+0.810, +0.910]
  olmo3_32b_think + qwen38_27b              +0.314 [-0.024, +0.628]   +0.010 [+0.000, +0.025] +0.955 [+0.925, +0.980]
  phi4_mini_reasoning + qwen38_27b          +0.051 [-0.066, +0.243]   +0.005 [+0.000, +0.015] +0.860 [+0.810, +0.910]

3. BLIND ESTIMATOR VALIDATION  (attenuation law, no gold labels)
  benchmark    pairs                     MAE  [95% CI]   mean blind  mean truth
  gsm8k           21          0.0288  [0.0248, 0.0328]       0.3956      0.3668
  math500         21          0.1238  [0.0880, 0.1624]      -0.1236     -0.0015
  mmlu            21          0.0874  [0.0774, 0.0971]       0.2836      0.1962
  medqa           21          0.0479  [0.0345, 0.0627]       0.1457      0.1017
  boolq           21          0.0918  [0.0828, 0.1000]       0.3900      0.2982
  arc             21          0.0196  [0.0130, 0.0261]       0.3907      0.3711
  OVERALL        126          0.0665  [0.0576, 0.0770]       0.2470      0.2221

   induced blind marginal error rate vs true error rate
   benchmark model                    true e   blind e   abs err
   gsm8k     gemma4_31b                0.028     0.018     0.010
   gsm8k     granite42_30b             0.066     0.045     0.021
   gsm8k     llama32_3b                0.198     0.192     0.006
   gsm8k     ministral3_14b            0.040     0.022     0.018
   gsm8k     olmo3_32b_think           0.050     0.032     0.018
   gsm8k     phi4_mini_reasoning       0.082     0.060     0.022
   gsm8k     qwen38_27b                0.034     0.013     0.021
   math500   gemma4_31b                0.385     0.332     0.053
   math500   granite42_30b             0.515     0.253     0.262
   math500   llama32_3b                0.575     0.015     0.560
   math500   ministral3_14b            0.695     0.000     0.695
   math500   olmo3_32b_think           0.355     0.319     0.036
   math500   phi4_mini_reasoning       0.390     0.334     0.056
   math500   qwen38_27b                0.200     0.366     0.166
   mmlu      gemma4_31b                0.075     0.069     0.006
   mmlu      granite42_30b             0.180     0.079     0.101
   mmlu      llama32_3b                0.385     0.317     0.068
   mmlu      ministral3_14b            0.160     0.072     0.088
   mmlu      olmo3_32b_think           0.130     0.058     0.072
   mmlu      phi4_mini_reasoning       0.255     0.186     0.069
   mmlu      qwen38_27b                0.105     0.069     0.036
   medqa     gemma4_31b                0.075     0.111     0.036
   medqa     granite42_30b             0.345     0.254     0.091
   medqa     llama32_3b                0.460     0.432     0.028
   medqa     ministral3_14b            0.215     0.072     0.143
   medqa     olmo3_32b_think           0.275     0.188     0.087
   medqa     phi4_mini_reasoning       0.420     0.391     0.029
   medqa     qwen38_27b                0.080     0.108     0.028
   boolq     gemma4_31b                0.095     0.037     0.058
   boolq     granite42_30b             0.085     0.037     0.048
   boolq     llama32_3b                0.170     0.131     0.039
   boolq     ministral3_14b            0.095     0.023     0.072
   boolq     olmo3_32b_think           0.095     0.049     0.046
   boolq     phi4_mini_reasoning       0.170     0.101     0.069
   boolq     qwen38_27b                0.085     0.027     0.058
   arc       gemma4_31b                0.000     0.019     0.019
   arc       granite42_30b             0.045     0.025     0.020
   arc       llama32_3b                0.180     0.159     0.021
   arc       ministral3_14b            0.060     0.035     0.025
   arc       olmo3_32b_think           0.045     0.028     0.017
   arc       phi4_mini_reasoning       0.130     0.120     0.010
   arc       qwen38_27b                0.020     0.016     0.004
   mean absolute error of blind marginal recovery: 0.0793

4. EFFECTIVE SWARM SIZE  (N=10)
  composition                                   benchmark   rho_bar   N_eff
  homogeneous: gemma4_31b                       gsm8k        +0.924    1.07
  homogeneous: granite42_30b                    gsm8k        +0.747    1.29
  homogeneous: llama32_3b                       gsm8k        +0.471    1.91
  homogeneous: ministral3_14b                   gsm8k        +0.544    1.70
  homogeneous: olmo3_32b_think                  gsm8k        +0.592    1.58
  homogeneous: phi4_mini_reasoning              gsm8k        +0.593    1.58
  homogeneous: qwen38_27b                       gsm8k        +0.696    1.38
  mixed: gemma4_31b + granite42_30b             gsm8k        +0.590    1.58
  mixed: gemma4_31b + llama32_3b                gsm8k        +0.432    2.05
  mixed: gemma4_31b + ministral3_14b            gsm8k        +0.651    1.46
  mixed: gemma4_31b + olmo3_32b_think           gsm8k        +0.655    1.45
  mixed: gemma4_31b + phi4_mini_reasoning       gsm8k        +0.603    1.55
  mixed: gemma4_31b + qwen38_27b                gsm8k        +0.751    1.29
  mixed: granite42_30b + llama32_3b             gsm8k        +0.422    2.08
  mixed: granite42_30b + ministral3_14b         gsm8k        +0.576    1.62
  mixed: granite42_30b + olmo3_32b_think        gsm8k        +0.551    1.68
  mixed: granite42_30b + phi4_mini_reasoning    gsm8k        +0.531    1.73
  mixed: granite42_30b + qwen38_27b             gsm8k        +0.589    1.59
  mixed: llama32_3b + ministral3_14b            gsm8k        +0.340    2.46
  mixed: llama32_3b + olmo3_32b_think           gsm8k        +0.352    2.40
  mixed: llama32_3b + phi4_mini_reasoning       gsm8k        +0.357    2.37
  mixed: llama32_3b + qwen38_27b                gsm8k        +0.377    2.28
  mixed: ministral3_14b + olmo3_32b_think       gsm8k        +0.565    1.64
  mixed: ministral3_14b + phi4_mini_reasoning   gsm8k        +0.508    1.79
  mixed: ministral3_14b + qwen38_27b            gsm8k        +0.630    1.50
  mixed: olmo3_32b_think + phi4_mini_reasoning  gsm8k        +0.523    1.75
  mixed: olmo3_32b_think + qwen38_27b           gsm8k        +0.656    1.45
  mixed: phi4_mini_reasoning + qwen38_27b       gsm8k        +0.613    1.54
  mixed: gemma4_31b + granite42_30b             math500      +0.686    1.39
  mixed: gemma4_31b + llama32_3b                math500      +0.368    2.32
  mixed: gemma4_31b + ministral3_14b            math500      +0.413    2.12
  mixed: gemma4_31b + olmo3_32b_think           math500      +0.616    1.53
  mixed: gemma4_31b + phi4_mini_reasoning       math500      +0.589    1.59
  mixed: gemma4_31b + qwen38_27b                math500      +0.632    1.50
  mixed: granite42_30b + llama32_3b             math500      +0.461    1.94
  mixed: granite42_30b + ministral3_14b         math500      +0.574    1.62
  mixed: granite42_30b + olmo3_32b_think        math500      +0.595    1.57
  mixed: granite42_30b + phi4_mini_reasoning    math500      +0.612    1.54
  mixed: granite42_30b + qwen38_27b             math500      +0.485    1.86
  mixed: llama32_3b + ministral3_14b            math500      +0.419    2.10
  mixed: llama32_3b + olmo3_32b_think           math500      +0.363    2.34
  mixed: llama32_3b + phi4_mini_reasoning       math500      +0.397    2.19
  mixed: llama32_3b + qwen38_27b                math500      +0.253    3.05
  mixed: ministral3_14b + olmo3_32b_think       math500      +0.401    2.17
  mixed: ministral3_14b + phi4_mini_reasoning   math500      +0.396    2.19
  mixed: ministral3_14b + qwen38_27b            math500      +0.331    2.51
  mixed: olmo3_32b_think + phi4_mini_reasoning  math500      +0.692    1.38
  mixed: olmo3_32b_think + qwen38_27b           math500      +0.648    1.46
  mixed: phi4_mini_reasoning + qwen38_27b       math500      +0.523    1.75
  mixed: gemma4_31b + granite42_30b             mmlu         +0.410    2.13
  mixed: gemma4_31b + llama32_3b                mmlu         +0.126    4.69
  mixed: gemma4_31b + ministral3_14b            mmlu         +0.497    1.83
  mixed: gemma4_31b + olmo3_32b_think           mmlu         +0.454    1.96
  mixed: gemma4_31b + phi4_mini_reasoning       mmlu         +0.400    2.18
  mixed: gemma4_31b + qwen38_27b                mmlu         +0.522    1.76
  mixed: granite42_30b + llama32_3b             mmlu         +0.351    2.40
  mixed: granite42_30b + ministral3_14b         mmlu         +0.506    1.80
  mixed: granite42_30b + olmo3_32b_think        mmlu         +0.515    1.77
  mixed: granite42_30b + phi4_mini_reasoning    mmlu         +0.443    2.01
  mixed: granite42_30b + qwen38_27b             mmlu         +0.434    2.04
  mixed: llama32_3b + ministral3_14b            mmlu         +0.299    2.71
  mixed: llama32_3b + olmo3_32b_think           mmlu         +0.336    2.49
  mixed: llama32_3b + phi4_mini_reasoning       mmlu         +0.292    2.76
  mixed: llama32_3b + qwen38_27b                mmlu         +0.265    2.95
  mixed: ministral3_14b + olmo3_32b_think       mmlu         +0.561    1.65
  mixed: ministral3_14b + phi4_mini_reasoning   mmlu         +0.370    2.31
  mixed: ministral3_14b + qwen38_27b            mmlu         +0.384    2.24
  mixed: olmo3_32b_think + phi4_mini_reasoning  mmlu         +0.388    2.23
  mixed: olmo3_32b_think + qwen38_27b           mmlu         +0.547    1.69
  mixed: phi4_mini_reasoning + qwen38_27b       mmlu         +0.398    2.18
  mixed: gemma4_31b + granite42_30b             medqa        +0.193    3.66
  mixed: gemma4_31b + llama32_3b                medqa        +0.194    3.64
  mixed: gemma4_31b + ministral3_14b            medqa        +0.405    2.15
  mixed: gemma4_31b + olmo3_32b_think           medqa        +0.207    3.49
  mixed: gemma4_31b + phi4_mini_reasoning       medqa        +0.104    5.17
  mixed: gemma4_31b + qwen38_27b                medqa        +0.546    1.69
  mixed: granite42_30b + llama32_3b             medqa        +0.280    2.84
  mixed: granite42_30b + ministral3_14b         medqa        +0.388    2.22
  mixed: granite42_30b + olmo3_32b_think        medqa        +0.425    2.07
  mixed: granite42_30b + phi4_mini_reasoning    medqa        +0.277    2.86
  mixed: granite42_30b + qwen38_27b             medqa        +0.251    3.07
  mixed: llama32_3b + ministral3_14b            medqa        +0.250    3.08
  mixed: llama32_3b + olmo3_32b_think           medqa        +0.195    3.62
  mixed: llama32_3b + phi4_mini_reasoning       medqa        +0.231    3.25
  mixed: llama32_3b + qwen38_27b                medqa        +0.135    4.52
  mixed: ministral3_14b + olmo3_32b_think       medqa        +0.468    1.92
  mixed: ministral3_14b + phi4_mini_reasoning   medqa        +0.270    2.92
  mixed: ministral3_14b + qwen38_27b            medqa        +0.429    2.06
  mixed: olmo3_32b_think + phi4_mini_reasoning  medqa        +0.315    2.61
  mixed: olmo3_32b_think + qwen38_27b           medqa        +0.396    2.19
  mixed: phi4_mini_reasoning + qwen38_27b       medqa        +0.197    3.60
  mixed: gemma4_31b + granite42_30b             boolq        +0.574    1.62
  mixed: gemma4_31b + llama32_3b                boolq        +0.217    3.39
  mixed: gemma4_31b + ministral3_14b            boolq        +0.651    1.46
  mixed: gemma4_31b + olmo3_32b_think           boolq        +0.651    1.46
  mixed: gemma4_31b + phi4_mini_reasoning       boolq        +0.444    2.00
  mixed: gemma4_31b + qwen38_27b                boolq        +0.696    1.38
  mixed: granite42_30b + llama32_3b             boolq        +0.387    2.23
  mixed: granite42_30b + ministral3_14b         boolq        +0.574    1.62
  mixed: granite42_30b + olmo3_32b_think        boolq        +0.452    1.97
  mixed: granite42_30b + phi4_mini_reasoning    boolq        +0.435    2.04
  mixed: granite42_30b + qwen38_27b             boolq        +0.614    1.53
  mixed: llama32_3b + ministral3_14b            boolq        +0.444    2.00
  mixed: llama32_3b + olmo3_32b_think           boolq        +0.262    2.98
  mixed: llama32_3b + phi4_mini_reasoning       boolq        +0.362    2.35
  mixed: llama32_3b + qwen38_27b                boolq        +0.244    3.13
  mixed: ministral3_14b + olmo3_32b_think       boolq        +0.651    1.46
  mixed: ministral3_14b + phi4_mini_reasoning   boolq        +0.489    1.85
  mixed: ministral3_14b + qwen38_27b            boolq        +0.635    1.49
  mixed: olmo3_32b_think + phi4_mini_reasoning  boolq        +0.307    2.66
  mixed: olmo3_32b_think + qwen38_27b           boolq        +0.635    1.49
  mixed: phi4_mini_reasoning + qwen38_27b       boolq        +0.530    1.73
  mixed: gemma4_31b + granite42_30b             arc       undefined      --
  mixed: gemma4_31b + llama32_3b                arc       undefined      --
  mixed: gemma4_31b + ministral3_14b            arc       undefined      --
  mixed: gemma4_31b + olmo3_32b_think           arc       undefined      --
  mixed: gemma4_31b + phi4_mini_reasoning       arc       undefined      --
  mixed: gemma4_31b + qwen38_27b                arc       undefined      --
  mixed: granite42_30b + llama32_3b             arc          +0.275    2.88
  mixed: granite42_30b + ministral3_14b         arc          +0.351    2.40
  mixed: granite42_30b + olmo3_32b_think        arc          +0.418    2.10
  mixed: granite42_30b + phi4_mini_reasoning    arc          +0.275    2.88
  mixed: granite42_30b + qwen38_27b             arc          +0.314    2.62
  mixed: llama32_3b + ministral3_14b            arc          +0.265    2.95
  mixed: llama32_3b + olmo3_32b_think           arc          +0.149    4.26
  mixed: llama32_3b + phi4_mini_reasoning       arc          +0.167    3.99
  mixed: llama32_3b + qwen38_27b                arc          +0.212    3.44
  mixed: ministral3_14b + olmo3_32b_think       arc          +0.453    1.97
  mixed: ministral3_14b + phi4_mini_reasoning   arc          +0.215    3.40
  mixed: ministral3_14b + qwen38_27b            arc          +0.415    2.11
  mixed: olmo3_32b_think + phi4_mini_reasoning  arc          +0.203    3.54
  mixed: olmo3_32b_think + qwen38_27b           arc          +0.314    2.62
  mixed: phi4_mini_reasoning + qwen38_27b       arc          +0.051    6.86

wrote results/correlation/*.parquet and figures/correlation_heatmap.pdf

=== 2026-09-03T05:03Z :: /home/ubuntu/Liars_Are_Information/.venv/bin/python /home/ubuntu/Liars_Are_Information/scripts/phase_b2_multiclass.py ===
2026-09-03T05:03:58.920850Z [info     ] phase_b2.start                 [__main__] models=['gemma4_31b', 'granite42_30b', 'llama32_3b', 'ministral3_14b', 'olmo3_32b_think', 'phi4_mini_reasoning', 'qwen38_27b'] resamples=1000
2026-09-03T05:16:20.270939Z [info     ] phase_b2.benchmark_done        [__main__] benchmark=gsm8k mae_error_binary=0.0165 mae_error_mc=0.0112 mae_product_binary=0.0288 mae_product_delta=-0.0095 mae_product_mc=0.0193 mae_q=0.213 mean_q_blind=0.22 mean_q_true=0.4182 n_both_wrong_pooled=282.0 q_pooled=0.4113
2026-09-03T05:34:15.365470Z [info     ] phase_b2.benchmark_done        [__main__] benchmark=math500 mae_error_binary=0.261 mae_error_mc=0.0359 mae_product_binary=0.1238 mae_product_delta=-0.111 mae_product_mc=0.0128 mae_q=0.0851 mean_q_blind=0.1004 mean_q_true=0.0153 n_both_wrong_pooled=1284.0 q_pooled=0.014
2026-09-03T05:39:50.625907Z [info     ] phase_b2.benchmark_done        [__main__] benchmark=mmlu mae_error_binary=0.0629 mae_error_mc=0.0528 mae_product_binary=0.0874 mae_product_delta=-0.0146 mae_product_mc=0.0728 mae_q=0.2602 mean_q_blind=0.5462 mean_q_true=0.8063 n_both_wrong_pooled=358.0 q_pooled=0.7849
2026-09-03T05:51:42.862560Z [info     ] phase_b2.benchmark_done        [__main__] benchmark=medqa mae_error_binary=0.0632 mae_error_mc=0.0515 mae_product_binary=0.0479 mae_product_delta=-0.0009 mae_product_mc=0.0471 mae_q=0.1413 mean_q_blind=0.4801 mean_q_true=0.5631 n_both_wrong_pooled=486.0 q_pooled=0.5556
2026-09-03T05:59:45.817691Z [info     ] phase_b2.benchmark_done        [__main__] benchmark=boolq mae_error_binary=0.0556 mae_error_mc=0.0464 mae_product_binary=0.0918 mae_product_delta=-0.016 mae_product_mc=0.0758 mae_q=0.0 mean_q_blind=1.0 mean_q_true=1.0 n_both_wrong_pooled=246.0 q_pooled=1.0
2026-09-03T06:05:37.807328Z [info     ] phase_b2.benchmark_done        [__main__] benchmark=arc mae_error_binary=0.0165 mae_error_mc=0.0102 mae_product_binary=0.0196 mae_product_delta=-0.0069 mae_product_mc=0.0127 mae_q=0.093 mean_q_blind=0.7867 mean_q_true=0.8797 n_both_wrong_pooled=64.0 q_pooled=0.8281

====================================================================================================
PHASE B2 — MULTICLASS ATTENUATION LAW
====================================================================================================
bootstrap: 1000 resamples over tasks, seed 20250825

1. PAIRWISE PRODUCT  (1-2e_i)(1-2e_j)/2 — MAE vs ground truth
benchmark              binary law [95% CI]           multiclass law [95% CI]       verdict
gsm8k              0.0288 [0.0142, 0.0444]           0.0193 [0.0074, 0.0335]      IMPROVED
math500            0.1238 [0.0859, 0.1618]           0.0128 [0.0066, 0.0394]      IMPROVED
mmlu               0.0874 [0.0538, 0.1232]           0.0728 [0.0390, 0.1086]      IMPROVED
medqa              0.0479 [0.0344, 0.0664]           0.0471 [0.0261, 0.0675]       no diff
boolq              0.0918 [0.0539, 0.1325]           0.0758 [0.0394, 0.1183]      IMPROVED
arc                0.0196 [0.0091, 0.0334]           0.0127 [0.0000, 0.0293]      IMPROVED

   paired difference (multiclass - binary); negative favours multiclass
   benchmark                 delta MAE [95% CI]
   gsm8k             -0.0095 [-0.0137, -0.0050]
   math500           -0.1110 [-0.1426, -0.0676]
   mmlu              -0.0146 [-0.0209, -0.0076]
   medqa             -0.0009 [-0.0143, +0.0103]
   boolq             -0.0160 [-0.0226, -0.0093]
   arc               -0.0069 [-0.0135, -0.0006]

2. MARGINAL ERROR RATES e_i — MAE vs ground truth
benchmark              binary law [95% CI]           multiclass law [95% CI]       verdict
gsm8k              0.0165 [0.0084, 0.0260]           0.0112 [0.0048, 0.0204]      IMPROVED
math500            0.2610 [0.1857, 0.3404]           0.0359 [0.0170, 0.1261]      IMPROVED
mmlu               0.0629 [0.0407, 0.0927]           0.0528 [0.0295, 0.0820]      IMPROVED
medqa              0.0632 [0.0410, 0.1162]           0.0515 [0.0270, 0.0882]      IMPROVED
boolq              0.0556 [0.0314, 0.0831]           0.0464 [0.0257, 0.0740]      IMPROVED
arc                0.0165 [0.0076, 0.0304]           0.0102 [0.0000, 0.0257]      IMPROVED

3. COINCIDENCE q_ij — blind estimate vs ground truth
benchmark                  MAE(q) [95% CI]  mean q true  mean q blind
gsm8k              0.2130 [0.1149, 0.3874]       0.4182        0.2200
math500            0.0851 [0.0457, 0.2447]       0.0153        0.1004
mmlu               0.2602 [0.2065, 0.3768]       0.8063        0.5462
medqa              0.1413 [0.1131, 0.2447]       0.5631        0.4801
boolq              0.0000 [0.0000, 0.0000]       1.0000        1.0000
arc                0.0930 [0.0000, 0.2351]       0.8797        0.7867

4. POOLED HONEST q  (all jointly-wrong events on the benchmark)
benchmark   events               q pooled [95% CI]  chance  verdict
gsm8k          282            0.411 [0.235, 0.569]   0.000  ABOVE CHANCE
math500       1284            0.014 [0.002, 0.032]   0.000  ABOVE CHANCE
mmlu           358            0.785 [0.674, 0.873]   0.333  ABOVE CHANCE
medqa          486            0.556 [0.478, 0.639]   0.333  ABOVE CHANCE
boolq          246            1.000 [1.000, 1.000]   1.000  consistent with chance
arc             64            0.828 [0.660, 0.952]   0.333  ABOVE CHANCE

5. HONEST q_ij PER PAIR  (ground truth; chance is 1/3 on MMLU, ~0 open-ended)
benchmarkpair                                     n both wrong                  q [95% CI]  chance  above chance?
gsm8k    gemma4_31b + granite42_30b                          9        0.444 [0.100, 0.778]   0.000  YES
gsm8k    gemma4_31b + llama32_3b                            10        0.200 [0.000, 0.500]   0.000  no
gsm8k    gemma4_31b + ministral3_14b                        10        0.500 [0.167, 0.833]   0.000  YES
gsm8k    gemma4_31b + olmo3_32b_think                       11        0.455 [0.143, 0.750]   0.000  YES
gsm8k    gemma4_31b + phi4_mini_reasoning                   12        0.417 [0.125, 0.700]   0.000  YES
gsm8k    gemma4_31b + qwen38_27b                            11        0.455 [0.125, 0.778]   0.000  YES
gsm8k    granite42_30b + llama32_3b                         20        0.300 [0.105, 0.500]   0.000  YES
gsm8k    granite42_30b + ministral3_14b                     14        0.429 [0.166, 0.700]   0.000  YES
gsm8k    granite42_30b + olmo3_32b_think                    14        0.429 [0.167, 0.667]   0.000  YES
gsm8k    granite42_30b + phi4_mini_reasoning                17        0.412 [0.167, 0.667]   0.000  YES
gsm8k    granite42_30b + qwen38_27b                         12        0.667 [0.375, 0.917]   0.000  YES
gsm8k    llama32_3b + ministral3_14b                        12        0.333 [0.071, 0.667]   0.000  YES
gsm8k    llama32_3b + olmo3_32b_think                       14        0.214 [0.000, 0.462]   0.000  no
gsm8k    llama32_3b + phi4_mini_reasoning                   20        0.200 [0.050, 0.400]   0.000  YES
gsm8k    llama32_3b + qwen38_27b                            11        0.273 [0.000, 0.583]   0.000  no
gsm8k    ministral3_14b + olmo3_32b_think                   13        0.538 [0.250, 0.813]   0.000  YES
gsm8k    ministral3_14b + phi4_mini_reasoning               14        0.571 [0.300, 0.833]   0.000  YES
gsm8k    ministral3_14b + qwen38_27b                        12        0.500 [0.200, 0.778]   0.000  YES
gsm8k    olmo3_32b_think + phi4_mini_reasoning              16        0.312 [0.077, 0.533]   0.000  YES
gsm8k    olmo3_32b_think + qwen38_27b                       14        0.571 [0.300, 0.812]   0.000  YES
gsm8k    phi4_mini_reasoning + qwen38_27b                   16        0.562 [0.307, 0.810]   0.000  YES
math500  gemma4_31b + granite42_30b                         73        0.014 [0.000, 0.045]   0.000  no
math500  gemma4_31b + llama32_3b                            62        0.016 [0.000, 0.055]   0.000  no
math500  gemma4_31b + ministral3_14b                        72        0.014 [0.000, 0.044]   0.000  no
math500  gemma4_31b + olmo3_32b_think                       56        0.018 [0.000, 0.059]   0.000  no
math500  gemma4_31b + phi4_mini_reasoning                   58        0.017 [0.000, 0.056]   0.000  no
math500  gemma4_31b + qwen38_27b                            40        0.000 [0.000, 0.000]   0.000  no
math500  granite42_30b + llama32_3b                         82        0.000 [0.000, 0.000]   0.000  no
math500  granite42_30b + ministral3_14b                     98        0.010 [0.000, 0.032]   0.000  no
math500  granite42_30b + olmo3_32b_think                    65        0.000 [0.000, 0.000]   0.000  no
math500  granite42_30b + phi4_mini_reasoning                70        0.014 [0.000, 0.046]   0.000  no
math500  granite42_30b + qwen38_27b                         40        0.025 [0.000, 0.081]   0.000  no
math500  llama32_3b + ministral3_14b                        99        0.000 [0.000, 0.000]   0.000  no
math500  llama32_3b + olmo3_32b_think                       58        0.017 [0.000, 0.056]   0.000  no
math500  llama32_3b + phi4_mini_reasoning                   64        0.000 [0.000, 0.000]   0.000  no
math500  llama32_3b + qwen38_27b                            33        0.030 [0.000, 0.096]   0.000  no
math500  ministral3_14b + olmo3_32b_think                   67        0.015 [0.000, 0.048]   0.000  no
math500  ministral3_14b + phi4_mini_reasoning               72        0.028 [0.000, 0.074]   0.000  no
math500  ministral3_14b + qwen38_27b                        40        0.000 [0.000, 0.000]   0.000  no
math500  olmo3_32b_think + phi4_mini_reasoning              60        0.050 [0.000, 0.111]   0.000  no
math500  olmo3_32b_think + qwen38_27b                       39        0.026 [0.000, 0.081]   0.000  no
math500  phi4_mini_reasoning + qwen38_27b                   36        0.028 [0.000, 0.091]   0.000  no
mmlu     gemma4_31b + granite42_30b                         11        1.000 [1.000, 1.000]   0.333  YES
mmlu     gemma4_31b + llama32_3b                             9        1.000 [1.000, 1.000]   0.333  YES
mmlu     gemma4_31b + ministral3_14b                        12        1.000 [1.000, 1.000]   0.333  YES
mmlu     gemma4_31b + olmo3_32b_think                       10        0.800 [0.500, 1.000]   0.333  YES
mmlu     gemma4_31b + phi4_mini_reasoning                   13        0.692 [0.400, 0.929]   0.333  YES
mmlu     gemma4_31b + qwen38_27b                            10        0.800 [0.500, 1.000]   0.333  YES
mmlu     granite42_30b + llama32_3b                         27        0.778 [0.609, 0.909]   0.333  YES
mmlu     granite42_30b + ministral3_14b                     20        0.950 [0.833, 1.000]   0.333  YES
mmlu     granite42_30b + olmo3_32b_think                    18        0.833 [0.636, 1.000]   0.333  YES
mmlu     granite42_30b + phi4_mini_reasoning                24        0.667 [0.470, 0.846]   0.333  YES
mmlu     granite42_30b + qwen38_27b                         14        0.786 [0.538, 1.000]   0.333  YES
mmlu     llama32_3b + ministral3_14b                        23        0.870 [0.708, 1.000]   0.333  YES
mmlu     llama32_3b + olmo3_32b_think                       21        0.714 [0.500, 0.905]   0.333  YES
mmlu     llama32_3b + phi4_mini_reasoning                   32        0.594 [0.414, 0.759]   0.333  YES
mmlu     llama32_3b + qwen38_27b                            16        0.750 [0.500, 0.944]   0.333  YES
mmlu     ministral3_14b + olmo3_32b_think                   18        0.778 [0.538, 0.950]   0.333  YES
mmlu     ministral3_14b + phi4_mini_reasoning               20        0.750 [0.556, 0.933]   0.333  YES
mmlu     ministral3_14b + qwen38_27b                        12        0.833 [0.600, 1.000]   0.333  YES
mmlu     olmo3_32b_think + phi4_mini_reasoning              18        0.722 [0.500, 0.923]   0.333  YES
mmlu     olmo3_32b_think + qwen38_27b                       14        0.929 [0.765, 1.000]   0.333  YES
mmlu     phi4_mini_reasoning + qwen38_27b                   16        0.688 [0.462, 0.909]   0.333  YES
medqa    gemma4_31b + granite42_30b                         10        0.500 [0.167, 0.857]   0.333  no
medqa    gemma4_31b + llama32_3b                            12        0.500 [0.200, 0.800]   0.333  no
medqa    gemma4_31b + ministral3_14b                        12        0.750 [0.500, 1.000]   0.333  YES
medqa    gemma4_31b + olmo3_32b_think                        9        0.667 [0.333, 1.000]   0.333  no
medqa    gemma4_31b + phi4_mini_reasoning                    9        0.556 [0.200, 0.875]   0.333  no
medqa    gemma4_31b + qwen38_27b                             9        0.556 [0.167, 0.900]   0.333  no
medqa    granite42_30b + llama32_3b                         45        0.533 [0.391, 0.680]   0.333  YES
medqa    granite42_30b + ministral3_14b                     30        0.733 [0.577, 0.882]   0.333  YES
medqa    granite42_30b + olmo3_32b_think                    37        0.622 [0.455, 0.778]   0.333  YES
medqa    granite42_30b + phi4_mini_reasoning                42        0.524 [0.366, 0.675]   0.333  YES
medqa    granite42_30b + qwen38_27b                         12        0.500 [0.200, 0.800]   0.333  no
medqa    llama32_3b + ministral3_14b                        30        0.633 [0.452, 0.800]   0.333  YES
medqa    llama32_3b + olmo3_32b_think                       34        0.588 [0.423, 0.767]   0.333  YES
medqa    llama32_3b + phi4_mini_reasoning                   50        0.380 [0.238, 0.535]   0.333  no
medqa    llama32_3b + qwen38_27b                            11        0.455 [0.143, 0.778]   0.333  no
medqa    ministral3_14b + olmo3_32b_think                   29        0.724 [0.552, 0.871]   0.333  YES
medqa    ministral3_14b + phi4_mini_reasoning               29        0.552 [0.370, 0.737]   0.333  YES
medqa    ministral3_14b + qwen38_27b                        13        0.692 [0.417, 0.946]   0.333  YES
medqa    olmo3_32b_think + phi4_mini_reasoning              37        0.432 [0.273, 0.600]   0.333  no
medqa    olmo3_32b_think + qwen38_27b                       14        0.429 [0.154, 0.714]   0.333  no
medqa    phi4_mini_reasoning + qwen38_27b                   12        0.500 [0.200, 0.800]   0.333  no
boolq    gemma4_31b + granite42_30b                         11        1.000 [1.000, 1.000]   1.000  no
boolq    gemma4_31b + llama32_3b                             8        1.000 [1.000, 1.000]   1.000  no
boolq    gemma4_31b + ministral3_14b                        13        1.000 [1.000, 1.000]   1.000  no
boolq    gemma4_31b + olmo3_32b_think                       13        1.000 [1.000, 1.000]   1.000  no
boolq    gemma4_31b + phi4_mini_reasoning                   13        1.000 [1.000, 1.000]   1.000  no
boolq    gemma4_31b + qwen38_27b                            13        1.000 [1.000, 1.000]   1.000  no
boolq    granite42_30b + llama32_3b                         11        1.000 [1.000, 1.000]   1.000  no
boolq    granite42_30b + ministral3_14b                     11        1.000 [1.000, 1.000]   1.000  no
boolq    granite42_30b + olmo3_32b_think                     9        1.000 [1.000, 1.000]   1.000  no
boolq    granite42_30b + phi4_mini_reasoning                12        1.000 [1.000, 1.000]   1.000  no
boolq    granite42_30b + qwen38_27b                         11        1.000 [1.000, 1.000]   1.000  no
boolq    llama32_3b + ministral3_14b                        13        1.000 [1.000, 1.000]   1.000  no
boolq    llama32_3b + olmo3_32b_think                        9        1.000 [1.000, 1.000]   1.000  no
boolq    llama32_3b + phi4_mini_reasoning                   16        1.000 [1.000, 1.000]   1.000  no
boolq    llama32_3b + qwen38_27b                             8        1.000 [1.000, 1.000]   1.000  no
boolq    ministral3_14b + olmo3_32b_think                   13        1.000 [1.000, 1.000]   1.000  no
boolq    ministral3_14b + phi4_mini_reasoning               14        1.000 [1.000, 1.000]   1.000  no
boolq    ministral3_14b + qwen38_27b                        12        1.000 [1.000, 1.000]   1.000  no
boolq    olmo3_32b_think + phi4_mini_reasoning              10        1.000 [1.000, 1.000]   1.000  no
boolq    olmo3_32b_think + qwen38_27b                       12        1.000 [1.000, 1.000]   1.000  no
boolq    phi4_mini_reasoning + qwen38_27b                   14        1.000 [1.000, 1.000]   1.000  no
arc      gemma4_31b + granite42_30b                          0              nan [nan, nan]   0.333  no
arc      gemma4_31b + llama32_3b                             0              nan [nan, nan]   0.333  no
arc      gemma4_31b + ministral3_14b                         0              nan [nan, nan]   0.333  no
arc      gemma4_31b + olmo3_32b_think                        0              nan [nan, nan]   0.333  no
arc      gemma4_31b + phi4_mini_reasoning                    0              nan [nan, nan]   0.333  no
arc      gemma4_31b + qwen38_27b                             0              nan [nan, nan]   0.333  no
arc      granite42_30b + llama32_3b                          6        0.833 [0.500, 1.000]   0.333  YES
arc      granite42_30b + ministral3_14b                      4        1.000 [1.000, 1.000]   0.333  YES
arc      granite42_30b + olmo3_32b_think                     4        1.000 [1.000, 1.000]   0.333  YES
arc      granite42_30b + phi4_mini_reasoning                 5        0.600 [0.000, 1.000]   0.333  no
arc      granite42_30b + qwen38_27b                          2        1.000 [1.000, 1.000]   0.333  YES
arc      llama32_3b + ministral3_14b                         7        0.857 [0.500, 1.000]   0.333  YES
arc      llama32_3b + olmo3_32b_think                        4        1.000 [1.000, 1.000]   0.333  YES
arc      llama32_3b + phi4_mini_reasoning                    9        0.556 [0.181, 0.875]   0.333  no
arc      llama32_3b + qwen38_27b                             3        1.000 [1.000, 1.000]   0.333  YES
arc      ministral3_14b + olmo3_32b_think                    5        1.000 [1.000, 1.000]   0.333  YES
arc      ministral3_14b + phi4_mini_reasoning                5        0.600 [0.000, 1.000]   0.333  no
arc      ministral3_14b + qwen38_27b                         3        1.000 [1.000, 1.000]   0.333  YES
arc      olmo3_32b_think + phi4_mini_reasoning               4        0.750 [0.000, 1.000]   0.333  no
arc      olmo3_32b_think + qwen38_27b                        2        1.000 [1.000, 1.000]   0.333  YES
arc      phi4_mini_reasoning + qwen38_27b                    1        1.000 [1.000, 1.000]   0.333  YES

wrote results/correlation/multiclass_validation.parquet and results/correlation/q_pairwise.parquet

=== 2026-09-03T06:05Z :: /home/ubuntu/Liars_Are_Information/.venv/bin/python /home/ubuntu/Liars_Are_Information/scripts/calibrate_receiver_coherence.py ===
models: ['gemma4_31b', 'granite42_30b', 'llama32_3b', 'ministral3_14b', 'olmo3_32b_think', 'phi4_mini_reasoning', 'qwen38_27b']
receiver-conditioned honest coherence (bootstrap 1000, seed 20250825)

benchmark                q_recv [95% CI]   gold-conditioned q (B2)
gsm8k               0.654 [0.574, 0.749]                     0.000
          -> ceiling (upper CI bound) = 0.749
math500             0.161 [0.135, 0.194]                     0.000
          -> ceiling (upper CI bound) = 0.194
mmlu                0.763 [0.694, 0.838]                     0.333
          -> ceiling (upper CI bound) = 0.838
medqa               0.662 [0.615, 0.715]                     0.333
          -> ceiling (upper CI bound) = 0.715
boolq               1.000 [1.000, 1.000]                     1.000
          -> ceiling (upper CI bound) = 1.000
arc                 0.896 [0.828, 0.964]                     0.333
          -> ceiling (upper CI bound) = 0.964
