=== 2026-09-20T15:46:21+00:00  .venv/bin/python scripts/phase_b_correlation.py ===
=== 2026-09-20T15:47:23+00:00  .venv/bin/python scripts/phase_b2_multiclass.py ===
=== 2026-09-20T16:51:03+00:00  .venv/bin/python scripts/calibrate_receiver_coherence.py ===
=== 2026-09-20T16:52:16+00:00  .venv/bin/python scripts/phase_c_aggregate.py ===
=== 2026-09-20T17:16:06+00:00  .venv/bin/python scripts/phase_c_report.py ===
=== 2026-09-20T17:16:11+00:00  .venv/bin/python scripts/phase_d_sweep.py ===
=== 2026-09-20T18:33:41+00:00  .venv/bin/python scripts/phase_d_bandit.py ===
=== 2026-09-20T18:33:46+00:00  .venv/bin/python scripts/phase_gate_aware.py ===
=== 2026-09-20T18:34:29+00:00  .venv/bin/python scripts/phase_e_sleeper_sybil.py ===
=== 2026-09-20T18:35:54+00:00  .venv/bin/python scripts/phase_e_burst.py ===
=== 2026-09-20T18:37:32+00:00  .venv/bin/python scripts/phase_e_decomposition.py ===
=== 2026-09-20T18:37:43+00:00  .venv/bin/python scripts/phase_e_tables.py ===
=== 2026-09-20T18:37:52+00:00  .venv/bin/python scripts/phase_e_claims.py ===
=== 2026-09-20T18:37:52+00:00  .venv/bin/python scripts/task6_audit_pending.py ===
=== 2026-09-20T18:37:53+00:00  .venv/bin/python scripts/phase_e3_cost.py ===
=== 2026-09-20T18:38:07+00:00  .venv/bin/python scripts/phase_composition.py ===
=== 2026-09-20T18:38:17+00:00  .venv/bin/python scripts/phase_confidence_auc.py ===
=== 2026-09-20T18:38:18+00:00  .venv/bin/python scripts/measurement_floor.py ===
=== 2026-09-20T18:38:19+00:00  .venv/bin/python scripts/make_numbers.py ===
=== 2026-09-20T18:38:20+00:00  .venv/bin/python scripts/phase_c_figures.py ===
=== 2026-09-20T18:38:23+00:00  .venv/bin/python scripts/phase_d_figures.py ===
=== 2026-09-20T18:38:27+00:00  .venv/bin/python scripts/phase_e_figures.py ===
=== 2026-09-20T18:38:30+00:00  .venv/bin/python scripts/fig_evasion_band.py ===
=== 2026-09-20T18:38:32+00:00  .venv/bin/python scripts/fig_sybil.py ===
=== 2026-09-20T18:38:34+00:00  .venv/bin/python -m pytest tests/test_paper.py -q ===
FAILED: .venv/bin/python -m pytest tests/test_paper.py -q
